LX51 LINKER/LOCATER V4.66.41.0                                                          06/15/2020  19:34:08  PAGE 1


LX51 LINKER/LOCATER V4.66.41.0, INVOKED BY:
C:\KEIL_V5\C51\BIN\LX51.EXE .\Objects\STARTUP.obj, .\Objects\main.obj, .\Objects\key_lcd.obj, .\Objects\drive.obj TO .\O
>> bjects\interpolation PRINT (.\Listings\interpolation.map)




PROGRAM RECURSIONS REMOVED FROM CALL TREE
=========================================
+--> WAIT/MAIN
|  | GUI/KEY_LCD
<--+ STAR/MAIN



CPU MODE:     8051 MODE
MEMORY MODEL: LARGE WITH FLOATING POINT ARITHMETIC


INPUT MODULES INCLUDED:
  .\Objects\STARTUP.obj (?C_STARTUP)
         COMMENT TYPE 1: A51 / ASM51 Assembler
  .\Objects\main.obj (MAIN)
         COMMENT TYPE 0: C51 V9.54
  .\Objects\key_lcd.obj (KEY_LCD)
         COMMENT TYPE 0: C51 V9.54
  .\Objects\drive.obj (DRIVE)
         COMMENT TYPE 0: C51 V9.54
  C:\KEIL_V5\C51\LIB\C51FPL.LIB (?C?FPADD)
         COMMENT TYPE 1: A51 / ASM51 Assembler
  C:\KEIL_V5\C51\LIB\C51FPL.LIB (?C?FPMUL)
         COMMENT TYPE 1: A51 / ASM51 Assembler
  C:\KEIL_V5\C51\LIB\C51FPL.LIB (?C?FCAST)
         COMMENT TYPE 1: A51 / ASM51 Assembler
  C:\KEIL_V5\C51\LIB\C51FPL.LIB (?C?CASTF)
         COMMENT TYPE 1: A51 / ASM51 Assembler
  C:\KEIL_V5\C51\LIB\C51FPL.LIB (?C?FPGETOPN)
         COMMENT TYPE 1: A51 / ASM51 Assembler
  C:\KEIL_V5\C51\LIB\C51L.LIB (?C_INIT)
         COMMENT TYPE 1: A51 / ASM51 Assembler
  C:\KEIL_V5\C51\LIB\C51L.LIB (?C?IMUL)
         COMMENT TYPE 1: A51 / ASM51 Assembler
  C:\KEIL_V5\C51\LIB\C51L.LIB (?C?SIDIV)
         COMMENT TYPE 1: A51 / ASM51 Assembler
  C:\KEIL_V5\C51\LIB\C51L.LIB (?C?ILDIX)
         COMMENT TYPE 1: A51 / ASM51 Assembler
  C:\KEIL_V5\C51\LIB\C51L.LIB (?C?SLDIV)
         COMMENT TYPE 1: A51 / ASM51 Assembler
  C:\KEIL_V5\C51\LIB\C51L.LIB (?C?LNEG)
         COMMENT TYPE 1: A51 / ASM51 Assembler
  C:\KEIL_V5\C51\LIB\C51L.LIB (?C?SLCMP)
         COMMENT TYPE 1: A51 / ASM51 Assembler
  C:\KEIL_V5\C51\LIB\C51L.LIB (?C?SLSHR)
         COMMENT TYPE 1: A51 / ASM51 Assembler
  C:\KEIL_V5\C51\LIB\C51L.LIB (?C?LSTXDATA)
         COMMENT TYPE 1: A51 / ASM51 Assembler
  C:\KEIL_V5\C51\LIB\C51L.LIB (?C?CCASE)
         COMMENT TYPE 1: A51 / ASM51 Assembler
  C:\KEIL_V5\C51\LIB\C51L.LIB (ABS)
         COMMENT TYPE 1: A51 / ASM51 Assembler
  C:\KEIL_V5\C51\LIB\C51L.LIB (?C?UIDIV)
         COMMENT TYPE 1: A51 / ASM51 Assembler
  C:\KEIL_V5\C51\LIB\C51L.LIB (?C?ULDIV)
         COMMENT TYPE 1: A51 / ASM51 Assembler


LX51 LINKER/LOCATER V4.66.41.0                                                        06/15/2020  19:34:08  PAGE 2


ACTIVE MEMORY CLASSES OF MODULE:  .\Objects\interpolation (?C_STARTUP)

BASE        START       END         USED      MEMORY CLASS
==========================================================
C:000000H   C:000000H   C:00FFFFH   002041H   CODE
I:000000H   I:000000H   I:0000FFH   000001H   IDATA
X:000000H   X:000000H   X:00FFFFH   000056H   XDATA
C:000000H   C:000000H   C:00FFFFH   000013H   CONST
I:000020H.0 I:000020H.0 I:00002FH.7 000001H.1 BIT
I:000000H   I:000000H   I:00007FH   000008H   DATA


MEMORY MAP OF MODULE:  .\Objects\interpolation (?C_STARTUP)


START     STOP      LENGTH    ALIGN  RELOC    MEMORY CLASS   SEGMENT NAME
=========================================================================

* * * * * * * * * * *   D A T A   M E M O R Y   * * * * * * * * * * * * *
000000H   000007H   000008H   ---    AT..     DATA           "REG BANK 0"
000008H.0 00001FH.7 000018H.0 ---    ---      **GAP**
000020H.0 000020H.6 000000H.7 BIT    UNIT     BIT            ?BI?DRIVE
000020H.7 000020H.7 000000H.1 BIT    UNIT     BIT            ?BI?KEY_LCD
000021H.0 000021H.0 000000H.1 BIT    UNIT     BIT            ?BI?_STARTCIR?DRIVE
000021H.1 000021H   000000H.7 ---    ---      **GAP**
000022H   000022H   000001H   BYTE   UNIT     IDATA          ?STACK

* * * * * * * * * * *   C O D E   M E M O R Y   * * * * * * * * * * * * *
000000H   000002H   000003H   ---    OFFS..   CODE           ?CO??C_STARTUP?0
000003H   000008H   000006H   BYTE   UNIT     CODE           ?PR?_JISHUX?MAIN
000009H   00000AH   000002H   ---    ---      **GAP**
00000BH   00000DH   000003H   BYTE   OFFS..   CODE           ?DRIVE?0000B
00000EH   000019H   00000CH   BYTE   UNIT     CODE           ?PR?_ABS?ABS
00001AH   00001AH   000001H   ---    ---      **GAP**
00001BH   00001DH   000003H   BYTE   OFFS..   CODE           ?DRIVE?0001B
00001EH   000022H   000005H   ---    ---      **GAP**
000023H   000025H   000003H   BYTE   OFFS..   CODE           ?DRIVE?00023
000026H   00050DH   0004E8H   BYTE   UNIT     CODE           ?PR?GUI?KEY_LCD
00050EH   0009B5H   0004A8H   BYTE   UNIT     CODE           ?C?LIB_CODE
0009B6H   000D26H   000371H   BYTE   UNIT     CODE           ?PR?_STARTCIR?DRIVE
000D27H   000F24H   0001FEH   BYTE   UNIT     CODE           ?PR?WAIT?MAIN
000F25H   00110EH   0001EAH   BYTE   UNIT     CODE           ?PR?CIR?DRIVE
00110FH   0012F3H   0001E5H   BYTE   UNIT     CODE           ?PR?CIREND?DRIVE
0012F4H   001489H   000196H   BYTE   UNIT     CODE           ?PR?_GETJ?DRIVE
00148AH   001609H   000180H   BYTE   UNIT     CODE           ?PR?STAR?MAIN
00160AH   001768H   00015FH   BYTE   UNIT     CODE           ?PR?TIMER1?DRIVE
001769H   001867H   0000FFH   BYTE   UNIT     CODE           ?PR?TIMER0?DRIVE
001868H   001965H   0000FEH   BYTE   UNIT     CODE           ?PR?_STARTLINE?DRIVE
001966H   001A2FH   0000CAH   BYTE   UNIT     CODE           ?PR?LINE?DRIVE
001A30H   001ACFH   0000A0H   BYTE   UNIT     CODE           ?PR?LCD_CIR?KEY_LCD
001AD0H   001B69H   00009AH   BYTE   UNIT     CODE           ?PR?_GETRNS?DRIVE
001B6AH   001BFEH   000095H   BYTE   UNIT     CODE           ?C_INITSEG
001BFFH   001C8AH   00008CH   BYTE   UNIT     CODE           ?C_C51STARTUP
001C8BH   001D13H   000089H   BYTE   UNIT     CODE           ?PR?_SEND?DRIVE
001D14H   001D9AH   000087H   BYTE   UNIT     CODE           ?PR?LCD_LINE?KEY_LCD
001D9BH   001E08H   00006EH   BYTE   UNIT     CODE           ?PR?KEYVALUE?KEY_LCD
001E09H   001E75H   00006DH   BYTE   UNIT     CODE           ?PR?STEPPERA?DRIVE
001E76H   001EE2H   00006DH   BYTE   UNIT     CODE           ?PR?STEPPERB?DRIVE
001EE3H   001F26H   000044H   BYTE   UNIT     CODE           ?C?LDIV
001F27H   001F67H   000041H   BYTE   UNIT     CODE           ?PR?KEYSCAN?KEY_LCD
001F68H   001F97H   000030H   BYTE   UNIT     CODE           ?PR?TIMER_INIT?DRIVE
001F98H   001FC4H   00002DH   BYTE   UNIT     CODE           ?PR?LCD_INIT?KEY_LCD
001FC5H   001FE4H   000020H   BYTE   UNIT     CODE           ?PR?_LCD_WCOM?KEY_LCD
001FE5H   002003H   00001FH   BYTE   UNIT     CODE           ?PR?_LCD_WDATA?KEY_LCD
002004H   002013H   000010H   BYTE   UNIT     CODE           ?PR?MAIN?MAIN
LX51 LINKER/LOCATER V4.66.41.0                                                        06/15/2020  19:34:08  PAGE 3


002014H   002023H   000010H   BYTE   UNIT     CODE           ?PR?LCD_BUSY?KEY_LCD
002024H   002031H   00000EH   BYTE   UNIT     CODE           ?PR?_DELAY?MAIN
002032H   00203CH   00000BH   BYTE   UNIT     CODE           ?PR?UART?DRIVE
00203DH   002042H   000006H   BYTE   UNIT     CODE           ?PR?_COS?MAIN
002043H   002048H   000006H   BYTE   UNIT     CODE           ?PR?_SIN?MAIN
002049H   002053H   00000BH   BYTE   UNIT     CONST          ?CO?MAIN
002054H   00205BH   000008H   BYTE   UNIT     CONST          ?CO?DRIVE

* * * * * * * * * * *  X D A T A   M E M O R Y  * * * * * * * * * * * * *
000000H   00002FH   000030H   BYTE   UNIT     XDATA          ?XD?DRIVE
000030H   000040H   000011H   BYTE   UNIT     XDATA          _XDATA_GROUP_
000041H   000046H   000006H   BYTE   UNIT     XDATA          ?XD?_STARTCIR?DRIVE
000047H   00004BH   000005H   BYTE   UNIT     XDATA          ?XD?_JISHUX?MAIN
00004CH   00004FH   000004H   BYTE   UNIT     XDATA          ?XD?_COS?MAIN
000050H   000053H   000004H   BYTE   UNIT     XDATA          ?XD?_SIN?MAIN
000054H   000055H   000002H   BYTE   UNIT     XDATA          ?XD?KEY_LCD



OVERLAY MAP OF MODULE:   .\Objects\interpolation (?C_STARTUP)


FUNCTION/MODULE             XDATA_GROUP
--> CALLED FUNCTION/MODULE  START  STOP
=======================================
?C_C51STARTUP               ----- -----
  +--> MAIN/MAIN
  +--> ?C_INITSEG

MAIN/MAIN                   ----- -----
  +--> LCD_INIT/KEY_LCD
  +--> _DELAY/MAIN
  +--> TIMER_INIT/DRIVE
  +--> WAIT/MAIN

LCD_INIT/KEY_LCD            ----- -----
  +--> _DELAY/MAIN
  +--> _LCD_WCOM/KEY_LCD
  +--> LCD_LINE/KEY_LCD

_DELAY/MAIN                 ----- -----

_LCD_WCOM/KEY_LCD           0035H 0035H
  +--> LCD_BUSY/KEY_LCD

LCD_BUSY/KEY_LCD            ----- -----

LCD_LINE/KEY_LCD            ----- -----
  +--> _LCD_WCOM/KEY_LCD
  +--> _LCD_WDATA/KEY_LCD

_LCD_WDATA/KEY_LCD          0035H 0035H
  +--> LCD_BUSY/KEY_LCD

TIMER_INIT/DRIVE            ----- -----

WAIT/MAIN                   0030H 0033H
  +--> _LCD_WCOM/KEY_LCD
  +--> _LCD_WDATA/KEY_LCD
  +--> _SEND/DRIVE
  +--> ?CO?MAIN
  +--> GUI/KEY_LCD

_SEND/DRIVE                 ----- -----

LX51 LINKER/LOCATER V4.66.41.0                                                        06/15/2020  19:34:08  PAGE 4


?CO?MAIN                    ----- -----

GUI/KEY_LCD                 0034H 0034H
  +--> KEYVALUE/KEY_LCD
  +--> _LCD_WCOM/KEY_LCD
  +--> _LCD_WDATA/KEY_LCD
  +--> LCD_CIR/KEY_LCD
  +--> LCD_LINE/KEY_LCD
  +--> STAR/MAIN

KEYVALUE/KEY_LCD            ----- -----
  +--> KEYSCAN/KEY_LCD

KEYSCAN/KEY_LCD             0035H 0035H
  +--> _DELAY/MAIN

LCD_CIR/KEY_LCD             ----- -----
  +--> _LCD_WCOM/KEY_LCD
  +--> _LCD_WDATA/KEY_LCD

STAR/MAIN                   0035H 0038H
  +--> _STARTLINE/DRIVE

_STARTLINE/DRIVE            0039H 003CH

?C_INITSEG                  ----- -----

*** NEW ROOT **************

UART/DRIVE                  ----- -----

*** NEW ROOT **************

TIMER0/DRIVE                ----- -----
  +--> LINE/DRIVE

LINE/DRIVE                  ----- -----
  +--> STEPPERA/DRIVE
  +--> STEPPERB/DRIVE

STEPPERA/DRIVE              ----- -----
  +--> ?CO?DRIVE

?CO?DRIVE                   ----- -----

STEPPERB/DRIVE              ----- -----
  +--> ?CO?DRIVE

*** NEW ROOT **************

TIMER1/DRIVE                ----- -----
  +--> _ABS/ABS
  +--> CIREND/DRIVE
  +--> CIR/DRIVE

_ABS/ABS                    ----- -----

CIREND/DRIVE                ----- -----
  +--> _GETJ/DRIVE

_GETJ/DRIVE                 003DH 0040H
  +--> _ABS/ABS

CIR/DRIVE                   003DH 003EH
  +--> _GETRNS/DRIVE
LX51 LINKER/LOCATER V4.66.41.0                                                        06/15/2020  19:34:08  PAGE 5


  +--> STEPPERB/DRIVE
  +--> STEPPERA/DRIVE

_GETRNS/DRIVE               ----- -----



PUBLIC SYMBOLS OF MODULE:  .\Objects\interpolation (?C_STARTUP)


      VALUE       CLASS    TYPE      PUBLIC SYMBOL NAME
      =================================================
      02000047H   XDATA    BYTE      ?_jishux?BYTE
      00000021H.0 BIT      BIT       ?_startcir?BIT
      0100074AH   CODE     ---       ?C?CASTF
      0100086DH   CODE     ---       ?C?CCASE
      00000000H   NUMBER   ---       ?C?CODESEG
      01000716H   CODE     ---       ?C?FCASTC
      01000711H   CODE     ---       ?C?FCASTI
      0100070CH   CODE     ---       ?C?FCASTL
      01000515H   CODE     ---       ?C?FPADD
      01000781H   CODE     ---       ?C?FPGETOPN2
      01000606H   CODE     ---       ?C?FPMUL
      010007B6H   CODE     ---       ?C?FPNANRESULT
      010007C0H   CODE     ---       ?C?FPOVERFLOW
      01000798H   CODE     ---       ?C?FPRESULT
      010007ACH   CODE     ---       ?C?FPRESULT2
      01000511H   CODE     ---       ?C?FPSUB
      010007BDH   CODE     ---       ?C?FPUNDERFLOW
      01000813H   CODE     ---       ?C?ILDIX
      010007CBH   CODE     ---       ?C?IMUL
      01000829H   CODE     ---       ?C?LNEG
      01000861H   CODE     ---       ?C?LSTXDATA
      010007DDH   CODE     ---       ?C?SIDIV
      01000837H   CODE     ---       ?C?SLCMP
      01001EE3H   CODE     ---       ?C?SLDIV
      0100084DH   CODE     ---       ?C?SLSHR
      01000893H   CODE     ---       ?C?UIDIV
      01000924H   CODE     ---       ?C?ULDIV
      00000000H   NUMBER   ---       ?C?XDATASEG
      01001C46H   CODE     ---       ?C_START
      01000000H   CODE     ---       ?C_STARTUP
      0100000EH   CODE     ---       _ABS
      0100203DH   CODE     ---       _cos
      01002024H   CODE     ---       _delay
      010012F4H   CODE     ---       _getJ
      01001AD0H   CODE     ---       _getRNS
      01000003H   CODE     ---       _jishux
      01001FCBH   CODE     ---       _lcd_wcom
      01001FEAH   CODE     ---       _lcd_wdata
      01001C8BH   CODE     ---       _send
      01002043H   CODE     ---       _sin
      010009B6H   CODE     ---       _startcir
      01001868H   CODE     ---       _startline
*SFR* 00000090H   DATA     BIT       A0
*SFR* 00000090H.1 DATA     BIT       A1
*SFR* 00000090H.2 DATA     BIT       A2
*SFR* 00000090H.3 DATA     BIT       A3
*SFR* 000000D0H.6 DATA     BIT       AC
*SFR* 000000E0H   DATA     BYTE      ACC
      02000029H   XDATA    BYTE      acc0
      0200000AH   XDATA    INT       angle
*SFR* 000000F0H   DATA     BYTE      B
*SFR* 00000090H.4 DATA     BIT       B0
*SFR* 00000090H.5 DATA     BIT       B1
LX51 LINKER/LOCATER V4.66.41.0                                                        06/15/2020  19:34:08  PAGE 6


*SFR* 00000090H.6 DATA     BIT       B2
*SFR* 00000090H.7 DATA     BIT       B3
*SFR* 000000C8H.1 DATA     BIT       C_T2
      01000F25H   CODE     ---       cir
      0100110FH   CODE     ---       cirend
      00000020H.3 BIT      BIT       cirendflag
      00000020H.5 BIT      BIT       clcwise
*SFR* 000000C8H   DATA     BIT       CP_RL2
*SFR* 000000D0H.7 DATA     BIT       CY
*SFR* 00000083H   DATA     BYTE      DPH
*SFR* 00000082H   DATA     BYTE      DPL
*SFR* 000000A8H.7 DATA     BIT       EA
*SFR* 000000B0H.4 DATA     BIT       EN
*SFR* 000000A8H.4 DATA     BIT       ES
*SFR* 000000A8H.1 DATA     BIT       ET0
*SFR* 000000A8H.3 DATA     BIT       ET1
*SFR* 000000A8H.5 DATA     BIT       ET2
*SFR* 000000A8H   DATA     BIT       EX0
*SFR* 000000A8H.2 DATA     BIT       EX1
*SFR* 000000C8H.3 DATA     BIT       EXEN2
*SFR* 000000C8H.6 DATA     BIT       EXF2
      02000025H   XDATA    INT       F
*SFR* 000000D0H.5 DATA     BIT       F0
      01000026H   CODE     ---       GUI
      0200002CH   XDATA    INT       I0
*SFR* 000000A8H   DATA     BYTE      IE
*SFR* 00000088H.1 DATA     BIT       IE0
*SFR* 00000088H.3 DATA     BIT       IE1
      0200000DH   XDATA    INT       Iee
      02000011H   XDATA    INT       Ii
*SFR* 000000B0H.2 DATA     BIT       INT0
*SFR* 000000B0H.3 DATA     BIT       INT1
*SFR* 000000B8H   DATA     BYTE      IP
      02000015H   XDATA    INT       Ir
*SFR* 00000088H   DATA     BIT       IT0
*SFR* 00000088H.2 DATA     BIT       IT1
      0200002EH   XDATA    INT       J0
      0200000FH   XDATA    INT       Je
      02000013H   XDATA    INT       Ji
      02000019H   XDATA    INT       Jr
      0200000CH   XDATA    BYTE      JZe
      01001F27H   CODE     ---       KeyScan
      01001D9BH   CODE     ---       KeyValue
      01002014H   CODE     ---       lcd_busy
      01001A30H   CODE     ---       lcd_cir
      01001F98H   CODE     ---       lcd_init
      01001D14H   CODE     ---       lcd_line
      01001966H   CODE     ---       line
      01002004H   CODE     ---       main
      0200002AH   XDATA    WORD      n
      01002049H   CONST    ---       numtable
*SFR* 000000D0H.2 DATA     BIT       OV
*SFR* 000000D0H   DATA     BIT       P
*SFR* 00000080H   DATA     BYTE      P0
*SFR* 00000090H   DATA     BYTE      P1
*SFR* 000000A0H   DATA     BYTE      P2
*SFR* 000000B0H   DATA     BYTE      P3
*SFR* 000000B0H.5 DATA     BIT       P35
*SFR* 000000B0H.6 DATA     BIT       P36
*SFR* 00000087H   DATA     BYTE      PCON
      00000020H.6 BIT      BIT       piflag
*SFR* 000000B8H.4 DATA     BIT       PS
*SFR* 000000D0H   DATA     BYTE      PSW
*SFR* 000000B8H.1 DATA     BIT       PT0
*SFR* 000000B8H.3 DATA     BIT       PT1
LX51 LINKER/LOCATER V4.66.41.0                                                        06/15/2020  19:34:08  PAGE 7


*SFR* 000000B8H.5 DATA     BIT       PT2
*SFR* 000000B8H   DATA     BIT       PX0
*SFR* 000000B8H.2 DATA     BIT       PX1
*SFR* 00000098H.2 DATA     BIT       RB8
*SFR* 000000CBH   DATA     BYTE      RCAP2H
*SFR* 000000CAH   DATA     BYTE      RCAP2L
*SFR* 000000C8H.5 DATA     BIT       RCLK
*SFR* 000000B0H.7 DATA     BIT       RD
*SFR* 00000098H.4 DATA     BIT       REN
      02000004H   XDATA    CHAR      rhy0
      02000005H   XDATA    CHAR      rhy1
*SFR* 00000098H   DATA     BIT       RI
*SFR* 000000B0H.5 DATA     BIT       RS
*SFR* 000000D0H.3 DATA     BIT       RS0
*SFR* 000000D0H.4 DATA     BIT       RS1
*SFR* 000000B0H.6 DATA     BIT       RW
*SFR* 000000B0H   DATA     BIT       RXD
*SFR* 00000099H   DATA     BYTE      SBUF
*SFR* 00000098H   DATA     BYTE      SCON
      00000020H.4 BIT      BIT       sending
      00000020H.2 BIT      BIT       shape
*SFR* 00000098H.7 DATA     BIT       SM0
*SFR* 00000098H.6 DATA     BIT       SM1
*SFR* 00000098H.5 DATA     BIT       SM2
*SFR* 00000081H   DATA     BYTE      SP
      02000027H   XDATA    WORD      spd
      0100148AH   CODE     ---       star
      01001E09H   CODE     ---       stepperA
      01001E76H   CODE     ---       stepperB
*SFR* 000000B0H.4 DATA     BIT       T0
*SFR* 000000B0H.5 DATA     BIT       T1
*SFR* 00000090H   DATA     BIT       T2
*SFR* 000000C8H   DATA     BYTE      T2CON
*SFR* 00000090H.1 DATA     BIT       T2EX
      01002054H   CONST    ---       table
*SFR* 00000098H.3 DATA     BIT       TB8
*SFR* 000000C8H.4 DATA     BIT       TCLK
*SFR* 00000088H   DATA     BYTE      TCON
*SFR* 00000088H.5 DATA     BIT       TF0
*SFR* 00000088H.7 DATA     BIT       TF1
*SFR* 000000C8H.7 DATA     BIT       TF2
*SFR* 0000008CH   DATA     BYTE      TH0
*SFR* 0000008DH   DATA     BYTE      TH1
*SFR* 000000CDH   DATA     BYTE      TH2
*SFR* 00000098H.1 DATA     BIT       TI
      01001769H   CODE     ---       Timer0
      0100160AH   CODE     ---       Timer1
      01001F68H   CODE     ---       timer_init
*SFR* 0000008AH   DATA     BYTE      TL0
*SFR* 0000008BH   DATA     BYTE      TL1
*SFR* 000000CCH   DATA     BYTE      TL2
*SFR* 00000089H   DATA     BYTE      TMOD
*SFR* 00000088H.4 DATA     BIT       TR0
*SFR* 00000088H.6 DATA     BIT       TR1
*SFR* 000000C8H.2 DATA     BIT       TR2
*SFR* 000000B0H.1 DATA     BIT       TXD
      01002032H   CODE     ---       uart
      01000D27H   CODE     ---       wait
*SFR* 000000B0H.6 DATA     BIT       WR
      02000006H   XDATA    INT       X0
      02000017H   XDATA    INT       Xc
*SFR* 000000A0H.4 DATA     BIT       Xdir
      0200001DH   XDATA    INT       Xe
      02000021H   XDATA    INT       Xi
*SFR* 000000A0H.5 DATA     BIT       Xpul
LX51 LINKER/LOCATER V4.66.41.0                                                        06/15/2020  19:34:08  PAGE 8


      02000008H   XDATA    INT       Y0
      0200001BH   XDATA    INT       Yc
*SFR* 000000A0H.6 DATA     BIT       Ydir
      0200001FH   XDATA    INT       Ye
      02000023H   XDATA    INT       Yi
*SFR* 000000A0H.7 DATA     BIT       Ypul



SYMBOL TABLE OF MODULE:  .\Objects\interpolation (?C_STARTUP)

      VALUE       REP       CLASS    TYPE      SYMBOL NAME
      ====================================================
      ---         MODULE    ---      ---       ?C_STARTUP
      01000000H   PUBLIC    CODE     ---       ?C_STARTUP
      000000E0H   SYMBOL    DATA     ---       ACC
      000000F0H   SYMBOL    DATA     ---       B
      00000083H   SYMBOL    DATA     ---       DPH
      00000082H   SYMBOL    DATA     ---       DPL
      00000000H   SYMBOL    NUMBER   ---       IBPSTACK
      00000100H   SYMBOL    NUMBER   ---       IBPSTACKTOP
      00000080H   SYMBOL    NUMBER   ---       IDATALEN
      01001C02H   SYMBOL    CODE     ---       IDATALOOP
      00000000H   SYMBOL    NUMBER   ---       PBPSTACK
      00000100H   SYMBOL    NUMBER   ---       PBPSTACKTOP
      00000000H   SYMBOL    NUMBER   ---       PDATALEN
      00000000H   SYMBOL    NUMBER   ---       PDATASTART
      00000000H   SYMBOL    NUMBER   ---       PPAGE
      00000000H   SYMBOL    NUMBER   ---       PPAGEENABLE
      000000A0H   SYMBOL    DATA     ---       PPAGE_SFR
      00000081H   SYMBOL    DATA     ---       SP
      01001BFFH   SYMBOL    CODE     ---       STARTUP1
      00000000H   SYMBOL    NUMBER   ---       XBPSTACK
      00000000H   SYMBOL    NUMBER   ---       XBPSTACKTOP
      00000000H   SYMBOL    NUMBER   ---       XDATALEN
      00000000H   SYMBOL    NUMBER   ---       XDATASTART
      01000000H   LINE      CODE     ---       #126
      01001BFFH   LINE      CODE     ---       #133
      01001C01H   LINE      CODE     ---       #134
      01001C02H   LINE      CODE     ---       #135
      01001C03H   LINE      CODE     ---       #136
      01001C05H   LINE      CODE     ---       #185
      01001C08H   LINE      CODE     ---       #196

      ---         MODULE    ---      ---       MAIN
      01002049H   PUBLIC    CONST    ---       numtable
      01002043H   PUBLIC    CODE     ---       _sin
      0100203DH   PUBLIC    CODE     ---       _cos
      02000047H   PUBLIC    XDATA    BYTE      ?_jishux?BYTE
      01000003H   PUBLIC    CODE     ---       _jishux
      01002024H   PUBLIC    CODE     ---       _delay
      01000D27H   PUBLIC    CODE     ---       wait
      0100148AH   PUBLIC    CODE     ---       star
      01002004H   PUBLIC    CODE     ---       main
      00000080H   SFRSYM    DATA     BYTE      P0
      00000090H   SFRSYM    DATA     BYTE      P1
      000000A0H   SFRSYM    DATA     BYTE      P2
      000000B0H   SFRSYM    DATA     BYTE      P3
      000000B0H.4 SFRSYM    DATA     BIT       T0
      000000D0H.6 SFRSYM    DATA     BIT       AC
      000000B0H.5 SFRSYM    DATA     BIT       T1
      00000090H   SFRSYM    DATA     BIT       T2
      000000A8H.7 SFRSYM    DATA     BIT       EA
      000000A8H   SFRSYM    DATA     BYTE      IE
      000000B0H.4 SFRSYM    DATA     BIT       EN
LX51 LINKER/LOCATER V4.66.41.0                                                        06/15/2020  19:34:08  PAGE 9


      000000C8H.6 SFRSYM    DATA     BIT       EXF2
      000000B0H.7 SFRSYM    DATA     BIT       RD
      000000A8H.4 SFRSYM    DATA     BIT       ES
      000000A0H.4 SFRSYM    DATA     BIT       Xdir
      000000B8H   SFRSYM    DATA     BYTE      IP
      000000A0H.6 SFRSYM    DATA     BIT       Ydir
      00000098H   SFRSYM    DATA     BIT       RI
      000000B0H.2 SFRSYM    DATA     BIT       INT0
      000000D0H.7 SFRSYM    DATA     BIT       CY
      00000098H.1 SFRSYM    DATA     BIT       TI
      000000B0H.3 SFRSYM    DATA     BIT       INT1
      000000CBH   SFRSYM    DATA     BYTE      RCAP2H
      000000B8H.4 SFRSYM    DATA     BIT       PS
      00000081H   SFRSYM    DATA     BYTE      SP
      00000090H.1 SFRSYM    DATA     BIT       T2EX
      000000B0H.5 SFRSYM    DATA     BIT       RS
      000000D0H.2 SFRSYM    DATA     BIT       OV
      000000CAH   SFRSYM    DATA     BYTE      RCAP2L
      000000B0H.6 SFRSYM    DATA     BIT       RW
      000000C8H.1 SFRSYM    DATA     BIT       C_T2
      000000B0H.6 SFRSYM    DATA     BIT       WR
      000000A0H.5 SFRSYM    DATA     BIT       Xpul
      000000A0H.7 SFRSYM    DATA     BIT       Ypul
      000000C8H.5 SFRSYM    DATA     BIT       RCLK
      000000C8H.4 SFRSYM    DATA     BIT       TCLK
      00000099H   SFRSYM    DATA     BYTE      SBUF
      00000087H   SFRSYM    DATA     BYTE      PCON
      00000098H   SFRSYM    DATA     BYTE      SCON
      00000089H   SFRSYM    DATA     BYTE      TMOD
      00000088H   SFRSYM    DATA     BYTE      TCON
      000000B0H.5 SFRSYM    DATA     BIT       P35
      000000B0H.6 SFRSYM    DATA     BIT       P36
      00000088H.1 SFRSYM    DATA     BIT       IE0
      00000088H.3 SFRSYM    DATA     BIT       IE1
      000000F0H   SFRSYM    DATA     BYTE      B
      000000C8H   SFRSYM    DATA     BIT       CP_RL2
      000000E0H   SFRSYM    DATA     BYTE      ACC
      000000A8H.1 SFRSYM    DATA     BIT       ET0
      000000A8H.3 SFRSYM    DATA     BIT       ET1
      00000088H.5 SFRSYM    DATA     BIT       TF0
      000000A8H.5 SFRSYM    DATA     BIT       ET2
      00000088H.7 SFRSYM    DATA     BIT       TF1
      000000C8H.7 SFRSYM    DATA     BIT       TF2
      00000098H.2 SFRSYM    DATA     BIT       RB8
      0000008CH   SFRSYM    DATA     BYTE      TH0
      000000A8H   SFRSYM    DATA     BIT       EX0
      00000088H   SFRSYM    DATA     BIT       IT0
      0000008DH   SFRSYM    DATA     BYTE      TH1
      00000098H.3 SFRSYM    DATA     BIT       TB8
      000000A8H.2 SFRSYM    DATA     BIT       EX1
      00000088H.2 SFRSYM    DATA     BIT       IT1
      000000CDH   SFRSYM    DATA     BYTE      TH2
      000000D0H   SFRSYM    DATA     BIT       P
      00000098H.7 SFRSYM    DATA     BIT       SM0
      0000008AH   SFRSYM    DATA     BYTE      TL0
      00000098H.6 SFRSYM    DATA     BIT       SM1
      0000008BH   SFRSYM    DATA     BYTE      TL1
      00000098H.5 SFRSYM    DATA     BIT       SM2
      000000CCH   SFRSYM    DATA     BYTE      TL2
      000000B8H.1 SFRSYM    DATA     BIT       PT0
      000000B8H.3 SFRSYM    DATA     BIT       PT1
      000000D0H.3 SFRSYM    DATA     BIT       RS0
      000000B8H.5 SFRSYM    DATA     BIT       PT2
      00000088H.4 SFRSYM    DATA     BIT       TR0
      000000D0H.4 SFRSYM    DATA     BIT       RS1
LX51 LINKER/LOCATER V4.66.41.0                                                        06/15/2020  19:34:08  PAGE 10


      00000088H.6 SFRSYM    DATA     BIT       TR1
      000000C8H.2 SFRSYM    DATA     BIT       TR2
      000000B8H   SFRSYM    DATA     BIT       PX0
      000000B8H.2 SFRSYM    DATA     BIT       PX1
      00000083H   SFRSYM    DATA     BYTE      DPH
      00000082H   SFRSYM    DATA     BYTE      DPL
      000000C8H.3 SFRSYM    DATA     BIT       EXEN2
      00000098H.4 SFRSYM    DATA     BIT       REN
      000000C8H   SFRSYM    DATA     BYTE      T2CON
      000000B0H   SFRSYM    DATA     BIT       RXD
      00000090H   SFRSYM    DATA     BIT       A0
      000000B0H.1 SFRSYM    DATA     BIT       TXD
      00000090H.4 SFRSYM    DATA     BIT       B0
      00000090H.1 SFRSYM    DATA     BIT       A1
      00000090H.5 SFRSYM    DATA     BIT       B1
      00000090H.2 SFRSYM    DATA     BIT       A2
      00000090H.6 SFRSYM    DATA     BIT       B2
      00000090H.3 SFRSYM    DATA     BIT       A3
      00000090H.7 SFRSYM    DATA     BIT       B3
      000000D0H.5 SFRSYM    DATA     BIT       F0
      000000D0H   SFRSYM    DATA     BYTE      PSW

      01002004H   BLOCK     CODE     ---       LVL=0
      01002004H   LINE      CODE     ---       #6
      01002004H   LINE      CODE     ---       #11
      01002007H   LINE      CODE     ---       #12
      0100200CH   LINE      CODE     ---       #13
      0100200FH   LINE      CODE     ---       #19
      0100200FH   LINE      CODE     ---       #20
      01002012H   LINE      CODE     ---       #21
      ---         BLOCKEND  ---      ---       LVL=0

      0100148AH   BLOCK     CODE     ---       LVL=0
      0100148AH   BLOCK     CODE     NEAR LAB  LVL=1
      02000035H   SYMBOL    XDATA    INT       x
      02000037H   SYMBOL    XDATA    INT       y
      ---         BLOCKEND  ---      ---       LVL=1
      0100148AH   LINE      CODE     ---       #31
      0100148AH   LINE      CODE     ---       #32
      010014A9H   LINE      CODE     ---       #33
      010014CAH   LINE      CODE     ---       #34
      010014D9H   LINE      CODE     ---       #35
      0100151CH   LINE      CODE     ---       #36
      0100152BH   LINE      CODE     ---       #37
      01001554H   LINE      CODE     ---       #38
      01001563H   LINE      CODE     ---       #39
      010015A6H   LINE      CODE     ---       #40
      010015B5H   LINE      CODE     ---       #41
      010015DAH   LINE      CODE     ---       #42
      010015E9H   LINE      CODE     ---       #43
      010015FAH   LINE      CODE     ---       #44
      01001609H   LINE      CODE     ---       #45
      ---         BLOCKEND  ---      ---       LVL=0

      01000D27H   BLOCK     CODE     ---       LVL=0
      01000D27H   BLOCK     CODE     NEAR LAB  LVL=1
      02000030H   SYMBOL    XDATA    INT       x
      02000032H   SYMBOL    XDATA    INT       y
      ---         BLOCKEND  ---      ---       LVL=1
      01000D27H   LINE      CODE     ---       #50
      01000D27H   LINE      CODE     ---       #51
      01000D55H   LINE      CODE     ---       #52
      01000D6AH   LINE      CODE     ---       #53
      01000D77H   LINE      CODE     ---       #54
      01000D7AH   LINE      CODE     ---       #55
LX51 LINKER/LOCATER V4.66.41.0                                                        06/15/2020  19:34:08  PAGE 11


      01000D7FH   LINE      CODE     ---       #56
      01000D94H   LINE      CODE     ---       #57
      01000D96H   LINE      CODE     ---       #58
      01000D96H   LINE      CODE     ---       #59
      01000D99H   LINE      CODE     ---       #60
      01000D9EH   LINE      CODE     ---       #61
      01000D9EH   LINE      CODE     ---       #62
      01000DABH   LINE      CODE     ---       #63
      01000DAEH   LINE      CODE     ---       #64
      01000DB3H   LINE      CODE     ---       #65
      01000DC8H   LINE      CODE     ---       #66
      01000DCAH   LINE      CODE     ---       #67
      01000DCAH   LINE      CODE     ---       #68
      01000DCDH   LINE      CODE     ---       #69
      01000DD2H   LINE      CODE     ---       #70
      01000DD2H   LINE      CODE     ---       #72
      01000DDFH   LINE      CODE     ---       #73
      01000DECH   LINE      CODE     ---       #74
      01000DF1H   LINE      CODE     ---       #75
      01000E17H   LINE      CODE     ---       #76
      01000E3DH   LINE      CODE     ---       #77
      01000E63H   LINE      CODE     ---       #78
      01000E68H   LINE      CODE     ---       #79
      01000E87H   LINE      CODE     ---       #81
      01000E8CH   LINE      CODE     ---       #82
      01000EB2H   LINE      CODE     ---       #83
      01000ED8H   LINE      CODE     ---       #84
      01000EFEH   LINE      CODE     ---       #85
      01000F03H   LINE      CODE     ---       #86
      01000F22H   LINE      CODE     ---       #87
      01000F22H   LINE      CODE     ---       #88
      ---         BLOCKEND  ---      ---       LVL=0

      01002024H   BLOCK     CODE     ---       LVL=0
      00000007H   SYMBOL    DATA     BYTE      xms
      01002024H   BLOCK     CODE     NEAR LAB  LVL=1
      00000007H   SYMBOL    DATA     BYTE      x
      00000006H   SYMBOL    DATA     BYTE      y
      ---         BLOCKEND  ---      ---       LVL=1
      01002024H   LINE      CODE     ---       #92
      01002024H   LINE      CODE     ---       #93
      01002024H   LINE      CODE     ---       #95
      0100202AH   LINE      CODE     ---       #96
      01002031H   LINE      CODE     ---       #97
      ---         BLOCKEND  ---      ---       LVL=0

      01000003H   BLOCK     CODE     ---       LVL=0
      02000047H   SYMBOL    XDATA    CHAR      x
      02000048H   SYMBOL    XDATA    FLOAT     y
      01000003H   LINE      CODE     ---       #98
      01000008H   LINE      CODE     ---       #104
      ---         BLOCKEND  ---      ---       LVL=0

      0100203DH   BLOCK     CODE     ---       LVL=0
      0200004CH   SYMBOL    XDATA    FLOAT     x
      0100203DH   LINE      CODE     ---       #105
      ---         BLOCKEND  ---      ---       LVL=0

      01002043H   BLOCK     CODE     ---       LVL=0
      02000050H   SYMBOL    XDATA    FLOAT     x
      01002043H   LINE      CODE     ---       #115
      ---         BLOCKEND  ---      ---       LVL=0

      ---         MODULE    ---      ---       KEY_LCD
      01000026H   PUBLIC    CODE     ---       GUI
LX51 LINKER/LOCATER V4.66.41.0                                                        06/15/2020  19:34:08  PAGE 12


      01001A30H   PUBLIC    CODE     ---       lcd_cir
      01001D14H   PUBLIC    CODE     ---       lcd_line
      01002014H   PUBLIC    CODE     ---       lcd_busy
      01001FEAH   PUBLIC    CODE     ---       _lcd_wdata
      01001FCBH   PUBLIC    CODE     ---       _lcd_wcom
      01001F98H   PUBLIC    CODE     ---       lcd_init
      01001D9BH   PUBLIC    CODE     ---       KeyValue
      01001F27H   PUBLIC    CODE     ---       KeyScan
      00000080H   SFRSYM    DATA     BYTE      P0
      00000090H   SFRSYM    DATA     BYTE      P1
      000000A0H   SFRSYM    DATA     BYTE      P2
      000000B0H   SFRSYM    DATA     BYTE      P3
      000000B0H.4 SFRSYM    DATA     BIT       T0
      000000D0H.6 SFRSYM    DATA     BIT       AC
      000000B0H.5 SFRSYM    DATA     BIT       T1
      00000090H   SFRSYM    DATA     BIT       T2
      000000A8H.7 SFRSYM    DATA     BIT       EA
      000000A8H   SFRSYM    DATA     BYTE      IE
      000000B0H.4 SFRSYM    DATA     BIT       EN
      000000C8H.6 SFRSYM    DATA     BIT       EXF2
      000000B0H.7 SFRSYM    DATA     BIT       RD
      000000A8H.4 SFRSYM    DATA     BIT       ES
      000000A0H.4 SFRSYM    DATA     BIT       Xdir
      000000B8H   SFRSYM    DATA     BYTE      IP
      000000A0H.6 SFRSYM    DATA     BIT       Ydir
      00000098H   SFRSYM    DATA     BIT       RI
      000000B0H.2 SFRSYM    DATA     BIT       INT0
      000000D0H.7 SFRSYM    DATA     BIT       CY
      00000098H.1 SFRSYM    DATA     BIT       TI
      000000B0H.3 SFRSYM    DATA     BIT       INT1
      000000CBH   SFRSYM    DATA     BYTE      RCAP2H
      000000B8H.4 SFRSYM    DATA     BIT       PS
      00000081H   SFRSYM    DATA     BYTE      SP
      00000090H.1 SFRSYM    DATA     BIT       T2EX
      000000B0H.5 SFRSYM    DATA     BIT       RS
      000000D0H.2 SFRSYM    DATA     BIT       OV
      000000CAH   SFRSYM    DATA     BYTE      RCAP2L
      000000B0H.6 SFRSYM    DATA     BIT       RW
      000000C8H.1 SFRSYM    DATA     BIT       C_T2
      000000B0H.6 SFRSYM    DATA     BIT       WR
      000000A0H.5 SFRSYM    DATA     BIT       Xpul
      000000A0H.7 SFRSYM    DATA     BIT       Ypul
      000000C8H.5 SFRSYM    DATA     BIT       RCLK
      000000C8H.4 SFRSYM    DATA     BIT       TCLK
      00000099H   SFRSYM    DATA     BYTE      SBUF
      00000087H   SFRSYM    DATA     BYTE      PCON
      00000098H   SFRSYM    DATA     BYTE      SCON
      00000089H   SFRSYM    DATA     BYTE      TMOD
      00000088H   SFRSYM    DATA     BYTE      TCON
      000000B0H.5 SFRSYM    DATA     BIT       P35
      000000B0H.6 SFRSYM    DATA     BIT       P36
      00000088H.1 SFRSYM    DATA     BIT       IE0
      00000088H.3 SFRSYM    DATA     BIT       IE1
      000000F0H   SFRSYM    DATA     BYTE      B
      000000C8H   SFRSYM    DATA     BIT       CP_RL2
      000000E0H   SFRSYM    DATA     BYTE      ACC
      000000A8H.1 SFRSYM    DATA     BIT       ET0
      000000A8H.3 SFRSYM    DATA     BIT       ET1
      00000088H.5 SFRSYM    DATA     BIT       TF0
      000000A8H.5 SFRSYM    DATA     BIT       ET2
      00000088H.7 SFRSYM    DATA     BIT       TF1
      000000C8H.7 SFRSYM    DATA     BIT       TF2
      00000098H.2 SFRSYM    DATA     BIT       RB8
      0000008CH   SFRSYM    DATA     BYTE      TH0
      000000A8H   SFRSYM    DATA     BIT       EX0
LX51 LINKER/LOCATER V4.66.41.0                                                        06/15/2020  19:34:08  PAGE 13


      00000088H   SFRSYM    DATA     BIT       IT0
      0000008DH   SFRSYM    DATA     BYTE      TH1
      00000098H.3 SFRSYM    DATA     BIT       TB8
      000000A8H.2 SFRSYM    DATA     BIT       EX1
      00000088H.2 SFRSYM    DATA     BIT       IT1
      000000CDH   SFRSYM    DATA     BYTE      TH2
      000000D0H   SFRSYM    DATA     BIT       P
      00000098H.7 SFRSYM    DATA     BIT       SM0
      0000008AH   SFRSYM    DATA     BYTE      TL0
      00000098H.6 SFRSYM    DATA     BIT       SM1
      0000008BH   SFRSYM    DATA     BYTE      TL1
      00000098H.5 SFRSYM    DATA     BIT       SM2
      000000CCH   SFRSYM    DATA     BYTE      TL2
      000000B8H.1 SFRSYM    DATA     BIT       PT0
      000000B8H.3 SFRSYM    DATA     BIT       PT1
      000000D0H.3 SFRSYM    DATA     BIT       RS0
      000000B8H.5 SFRSYM    DATA     BIT       PT2
      00000088H.4 SFRSYM    DATA     BIT       TR0
      000000D0H.4 SFRSYM    DATA     BIT       RS1
      00000088H.6 SFRSYM    DATA     BIT       TR1
      000000C8H.2 SFRSYM    DATA     BIT       TR2
      000000B8H   SFRSYM    DATA     BIT       PX0
      000000B8H.2 SFRSYM    DATA     BIT       PX1
      00000083H   SFRSYM    DATA     BYTE      DPH
      00000082H   SFRSYM    DATA     BYTE      DPL
      000000C8H.3 SFRSYM    DATA     BIT       EXEN2
      00000098H.4 SFRSYM    DATA     BIT       REN
      000000C8H   SFRSYM    DATA     BYTE      T2CON
      000000B0H   SFRSYM    DATA     BIT       RXD
      00000090H   SFRSYM    DATA     BIT       A0
      000000B0H.1 SFRSYM    DATA     BIT       TXD
      00000090H.4 SFRSYM    DATA     BIT       B0
      00000090H.1 SFRSYM    DATA     BIT       A1
      00000090H.5 SFRSYM    DATA     BIT       B1
      00000090H.2 SFRSYM    DATA     BIT       A2
      00000090H.6 SFRSYM    DATA     BIT       B2
      00000090H.3 SFRSYM    DATA     BIT       A3
      00000090H.7 SFRSYM    DATA     BIT       B3
      000000D0H.5 SFRSYM    DATA     BIT       F0
      000000D0H   SFRSYM    DATA     BYTE      PSW

      01001F27H   BLOCK     CODE     ---       LVL=0
      01001F27H   BLOCK     CODE     NEAR LAB  LVL=1
      02000035H   SYMBOL    XDATA    BYTE      cord_h
      00000007H   SYMBOL    DATA     BYTE      cord_l
      ---         BLOCKEND  ---      ---       LVL=1
      01001F27H   LINE      CODE     ---       #5
      01001F27H   LINE      CODE     ---       #6
      01001F27H   LINE      CODE     ---       #8
      01001F2AH   LINE      CODE     ---       #9
      01001F32H   LINE      CODE     ---       #10
      01001F37H   LINE      CODE     ---       #11
      01001F37H   LINE      CODE     ---       #12
      01001F3CH   LINE      CODE     ---       #13
      01001F44H   LINE      CODE     ---       #14
      01001F44H   LINE      CODE     ---       #15
      01001F4CH   LINE      CODE     ---       #16
      01001F51H   LINE      CODE     ---       #17
      01001F56H   LINE      CODE     ---       #18
      01001F5EH   LINE      CODE     ---       #19
      01001F65H   LINE      CODE     ---       #20
      01001F65H   LINE      CODE     ---       #21
      01001F65H   LINE      CODE     ---       #22
      01001F67H   LINE      CODE     ---       #23
      ---         BLOCKEND  ---      ---       LVL=0
LX51 LINKER/LOCATER V4.66.41.0                                                        06/15/2020  19:34:08  PAGE 14



      01001D9BH   BLOCK     CODE     ---       LVL=0
      01001D9BH   LINE      CODE     ---       #27
      01001D9BH   LINE      CODE     ---       #28
      01001D9BH   LINE      CODE     ---       #29
      01001DD6H   LINE      CODE     ---       #30
      01001DD6H   LINE      CODE     ---       #31
      01001DD9H   LINE      CODE     ---       #32
      01001DDCH   LINE      CODE     ---       #33
      01001DDFH   LINE      CODE     ---       #34
      01001DE2H   LINE      CODE     ---       #35
      01001DE5H   LINE      CODE     ---       #36
      01001DE8H   LINE      CODE     ---       #37
      01001DEBH   LINE      CODE     ---       #38
      01001DEEH   LINE      CODE     ---       #39
      01001DF1H   LINE      CODE     ---       #40
      01001DF4H   LINE      CODE     ---       #41
      01001DF7H   LINE      CODE     ---       #42
      01001DFAH   LINE      CODE     ---       #43
      01001DFDH   LINE      CODE     ---       #44
      01001E00H   LINE      CODE     ---       #45
      01001E03H   LINE      CODE     ---       #46
      01001E06H   LINE      CODE     ---       #47
      01001E08H   LINE      CODE     ---       #48
      01001E08H   LINE      CODE     ---       #49
      ---         BLOCKEND  ---      ---       LVL=0

      01001F98H   BLOCK     CODE     ---       LVL=0
      01001F98H   LINE      CODE     ---       #52
      01001F98H   LINE      CODE     ---       #53
      01001F98H   LINE      CODE     ---       #54
      01001F9AH   LINE      CODE     ---       #55
      01001F9FH   LINE      CODE     ---       #56
      01001FA4H   LINE      CODE     ---       #57
      01001FA9H   LINE      CODE     ---       #58
      01001FAEH   LINE      CODE     ---       #59
      01001FB3H   LINE      CODE     ---       #60
      01001FB8H   LINE      CODE     ---       #61
      01001FBDH   LINE      CODE     ---       #62
      01001FC2H   LINE      CODE     ---       #63
      ---         BLOCKEND  ---      ---       LVL=0

      01001FC5H   BLOCK     CODE     VOID      LVL=0
      ---         BLOCKEND  ---      ---       LVL=0

      01001FCBH   BLOCK     CODE     ---       LVL=0
      02000035H   SYMBOL    XDATA    BYTE      com
      01001FCBH   LINE      CODE     ---       #68
      01001FD0H   LINE      CODE     ---       #69
      01001FD0H   LINE      CODE     ---       #70
      01001FD5H   LINE      CODE     ---       #71
      01001FD7H   LINE      CODE     ---       #72
      01001FD9H   LINE      CODE     ---       #73
      01001FDBH   LINE      CODE     ---       #74
      01001FE1H   LINE      CODE     ---       #75
      01001FE2H   LINE      CODE     ---       #76
      01001FE4H   LINE      CODE     ---       #77
      ---         BLOCKEND  ---      ---       LVL=0

      01001FE5H   BLOCK     CODE     VOID      LVL=0
      ---         BLOCKEND  ---      ---       LVL=0

      01001FEAH   BLOCK     CODE     ---       LVL=0
      02000035H   SYMBOL    XDATA    BYTE      date
      01001FEAH   LINE      CODE     ---       #79
LX51 LINKER/LOCATER V4.66.41.0                                                        06/15/2020  19:34:08  PAGE 15


      01001FEFH   LINE      CODE     ---       #80
      01001FEFH   LINE      CODE     ---       #81
      01001FF4H   LINE      CODE     ---       #82
      01001FF6H   LINE      CODE     ---       #83
      01001FF8H   LINE      CODE     ---       #84
      01001FFAH   LINE      CODE     ---       #85
      01002000H   LINE      CODE     ---       #86
      01002001H   LINE      CODE     ---       #87
      01002003H   LINE      CODE     ---       #88
      ---         BLOCKEND  ---      ---       LVL=0

      01002014H   BLOCK     CODE     ---       LVL=0
      01002014H   LINE      CODE     ---       #90
      01002014H   LINE      CODE     ---       #91
      01002017H   LINE      CODE     ---       #92
      01002019H   LINE      CODE     ---       #93
      0100201BH   LINE      CODE     ---       #94
      0100201DH   LINE      CODE     ---       #95
      0100201EH   LINE      CODE     ---       #96
      01002020H   LINE      CODE     ---       #97
      01002023H   LINE      CODE     ---       #98
      ---         BLOCKEND  ---      ---       LVL=0

      01001D14H   BLOCK     CODE     ---       LVL=0
      01001D14H   LINE      CODE     ---       #99
      01001D14H   LINE      CODE     ---       #100
      01001D19H   LINE      CODE     ---       #102
      01001D1EH   LINE      CODE     ---       #103
      01001D23H   LINE      CODE     ---       #104
      01001D28H   LINE      CODE     ---       #105
      01001D2DH   LINE      CODE     ---       #106
      01001D32H   LINE      CODE     ---       #109
      01001D37H   LINE      CODE     ---       #110
      01001D3CH   LINE      CODE     ---       #111
      01001D41H   LINE      CODE     ---       #112
      01001D46H   LINE      CODE     ---       #113
      01001D4BH   LINE      CODE     ---       #115
      01001D50H   LINE      CODE     ---       #116
      01001D55H   LINE      CODE     ---       #117
      01001D5AH   LINE      CODE     ---       #118
      01001D5FH   LINE      CODE     ---       #119
      01001D64H   LINE      CODE     ---       #120
      01001D69H   LINE      CODE     ---       #122
      01001D6EH   LINE      CODE     ---       #123
      01001D73H   LINE      CODE     ---       #124
      01001D78H   LINE      CODE     ---       #125
      01001D7DH   LINE      CODE     ---       #126
      01001D82H   LINE      CODE     ---       #128
      01001D87H   LINE      CODE     ---       #129
      01001D8CH   LINE      CODE     ---       #130
      01001D91H   LINE      CODE     ---       #131
      01001D96H   LINE      CODE     ---       #132
      ---         BLOCKEND  ---      ---       LVL=0

      01001A30H   BLOCK     CODE     ---       LVL=0
      01001A30H   LINE      CODE     ---       #134
      01001A30H   LINE      CODE     ---       #135
      01001A35H   LINE      CODE     ---       #137
      01001A3AH   LINE      CODE     ---       #138
      01001A3FH   LINE      CODE     ---       #139
      01001A44H   LINE      CODE     ---       #140
      01001A49H   LINE      CODE     ---       #141
      01001A4EH   LINE      CODE     ---       #143
      01001A53H   LINE      CODE     ---       #144
      01001A58H   LINE      CODE     ---       #145
LX51 LINKER/LOCATER V4.66.41.0                                                        06/15/2020  19:34:08  PAGE 16


      01001A5DH   LINE      CODE     ---       #147
      01001A62H   LINE      CODE     ---       #148
      01001A67H   LINE      CODE     ---       #149
      01001A6CH   LINE      CODE     ---       #151
      01001A71H   LINE      CODE     ---       #152
      01001A76H   LINE      CODE     ---       #153
      01001A7BH   LINE      CODE     ---       #154
      01001A80H   LINE      CODE     ---       #155
      01001A85H   LINE      CODE     ---       #157
      01001A8AH   LINE      CODE     ---       #158
      01001A8FH   LINE      CODE     ---       #159
      01001A94H   LINE      CODE     ---       #160
      01001A99H   LINE      CODE     ---       #161
      01001A9EH   LINE      CODE     ---       #163
      01001AA3H   LINE      CODE     ---       #164
      01001AA8H   LINE      CODE     ---       #165
      01001AADH   LINE      CODE     ---       #166
      01001AB2H   LINE      CODE     ---       #167
      01001AB7H   LINE      CODE     ---       #169
      01001ABCH   LINE      CODE     ---       #170
      01001AC1H   LINE      CODE     ---       #171
      01001AC6H   LINE      CODE     ---       #172
      01001ACBH   LINE      CODE     ---       #173
      ---         BLOCKEND  ---      ---       LVL=0

      01000026H   BLOCK     CODE     ---       LVL=0
      01000026H   BLOCK     CODE     NEAR LAB  LVL=1
      02000054H   SYMBOL    XDATA    BYTE      starnum
      02000055H   SYMBOL    XDATA    BYTE      numcheck
      00000020H.7 SYMBOL    BIT      BIT       keyin
      02000034H   SYMBOL    XDATA    BYTE      value
      ---         BLOCKEND  ---      ---       LVL=1
      01000026H   LINE      CODE     ---       #176
      01000026H   LINE      CODE     ---       #180
      0100002BH   LINE      CODE     ---       #189
      01000033H   LINE      CODE     ---       #190
      01000036H   LINE      CODE     ---       #191
      01000040H   LINE      CODE     ---       #192
      01000042H   LINE      CODE     ---       #193
      01000044H   LINE      CODE     ---       #194
      0100004BH   LINE      CODE     ---       #195
      0100004DH   LINE      CODE     ---       #196
      0100004DH   LINE      CODE     ---       #211
      0100004DH   LINE      CODE     ---       #212
      0100005DH   LINE      CODE     ---       #213
      01000065H   LINE      CODE     ---       #214
      0100006BH   LINE      CODE     ---       #215
      0100006EH   LINE      CODE     ---       #216
      01000071H   LINE      CODE     ---       #217
      01000086H   LINE      CODE     ---       #218
      01000086H   LINE      CODE     ---       #219
      01000088H   LINE      CODE     ---       #220
      01000088H   LINE      CODE     ---       #221
      01000088H   LINE      CODE     ---       #222
      0100008AH   LINE      CODE     ---       #223
      0100008AH   LINE      CODE     ---       #224
      0100008CH   LINE      CODE     ---       #225
      0100008FH   LINE      CODE     ---       #226
      0100008FH   LINE      CODE     ---       #227
      01000091H   LINE      CODE     ---       #228
      01000094H   LINE      CODE     ---       #229
      01000094H   LINE      CODE     ---       #230
      01000096H   LINE      CODE     ---       #231
      01000099H   LINE      CODE     ---       #232
      01000099H   LINE      CODE     ---       #233
LX51 LINKER/LOCATER V4.66.41.0                                                        06/15/2020  19:34:08  PAGE 17


      0100009BH   LINE      CODE     ---       #234
      0100009EH   LINE      CODE     ---       #235
      0100009EH   LINE      CODE     ---       #241
      0100009EH   LINE      CODE     ---       #242
      010000ADH   LINE      CODE     ---       #243
      010000ADH   LINE      CODE     ---       #244
      010000B2H   LINE      CODE     ---       #245
      010000B7H   LINE      CODE     ---       #246
      010000B9H   LINE      CODE     ---       #247
      010000BCH   LINE      CODE     ---       #248
      010000BCH   LINE      CODE     ---       #249
      010000BEH   LINE      CODE     ---       #250
      010000C1H   LINE      CODE     ---       #251
      010000C1H   LINE      CODE     ---       #252
      010000C3H   LINE      CODE     ---       #253
      010000C6H   LINE      CODE     ---       #254
      010000C6H   LINE      CODE     ---       #255
      010000C6H   LINE      CODE     ---       #256
      010000C6H   LINE      CODE     ---       #257
      010000C6H   LINE      CODE     ---       #258
      010000C6H   LINE      CODE     ---       #259
      010000C6H   LINE      CODE     ---       #260
      010000C9H   LINE      CODE     ---       #261
      010000E5H   LINE      CODE     ---       #262
      010000EBH   LINE      CODE     ---       #263
      0100010FH   LINE      CODE     ---       #264
      0100010FH   LINE      CODE     ---       #265
      01000115H   LINE      CODE     ---       #266
      01000118H   LINE      CODE     ---       #268
      0100011DH   LINE      CODE     ---       #269
      01000122H   LINE      CODE     ---       #270
      01000127H   LINE      CODE     ---       #271
      0100012CH   LINE      CODE     ---       #273
      0100013DH   LINE      CODE     ---       #274
      01000142H   LINE      CODE     ---       #275
      01000145H   LINE      CODE     ---       #276
      01000147H   LINE      CODE     ---       #277
      0100014AH   LINE      CODE     ---       #278
      01000152H   LINE      CODE     ---       #280
      01000173H   LINE      CODE     ---       #281
      01000176H   LINE      CODE     ---       #282
      01000179H   LINE      CODE     ---       #283
      0100017EH   LINE      CODE     ---       #284
      01000181H   LINE      CODE     ---       #285
      01000184H   LINE      CODE     ---       #286
      0100018FH   LINE      CODE     ---       #287
      010001B4H   LINE      CODE     ---       #288
      010001B9H   LINE      CODE     ---       #289
      010001BCH   LINE      CODE     ---       #290
      010001C1H   LINE      CODE     ---       #291
      010001C6H   LINE      CODE     ---       #292
      010001C9H   LINE      CODE     ---       #293
      010001C9H   LINE      CODE     ---       #294
      010001CCH   LINE      CODE     ---       #295
      010001CCH   LINE      CODE     ---       #296
      010001E9H   LINE      CODE     ---       #297
      010001EEH   LINE      CODE     ---       #298
      010001F1H   LINE      CODE     ---       #299
      010001F6H   LINE      CODE     ---       #300
      010001F6H   LINE      CODE     ---       #301
      010001F9H   LINE      CODE     ---       #302
      010001F9H   LINE      CODE     ---       #303
      01000200H   LINE      CODE     ---       #304
      01000202H   LINE      CODE     ---       #305
      01000207H   LINE      CODE     ---       #306
LX51 LINKER/LOCATER V4.66.41.0                                                        06/15/2020  19:34:08  PAGE 18


      0100020AH   LINE      CODE     ---       #307
      01000210H   LINE      CODE     ---       #308
      01000212H   LINE      CODE     ---       #309
      01000215H   LINE      CODE     ---       #310
      01000220H   LINE      CODE     ---       #311
      01000222H   LINE      CODE     ---       #312
      01000227H   LINE      CODE     ---       #313
      0100022AH   LINE      CODE     ---       #314
      01000230H   LINE      CODE     ---       #315
      01000232H   LINE      CODE     ---       #316
      01000232H   LINE      CODE     ---       #317
      01000235H   LINE      CODE     ---       #318
      01000235H   LINE      CODE     ---       #319
      0100023BH   LINE      CODE     ---       #320
      0100023EH   LINE      CODE     ---       #322
      01000243H   LINE      CODE     ---       #323
      01000248H   LINE      CODE     ---       #324
      0100024DH   LINE      CODE     ---       #326
      01000267H   LINE      CODE     ---       #327
      0100026CH   LINE      CODE     ---       #328
      0100026FH   LINE      CODE     ---       #329
      01000271H   LINE      CODE     ---       #330
      01000274H   LINE      CODE     ---       #332
      0100027FH   LINE      CODE     ---       #333
      010002AEH   LINE      CODE     ---       #334
      010002B3H   LINE      CODE     ---       #335
      010002B6H   LINE      CODE     ---       #336
      010002BBH   LINE      CODE     ---       #337
      010002C0H   LINE      CODE     ---       #338
      010002C6H   LINE      CODE     ---       #339
      010002C6H   LINE      CODE     ---       #340
      010002C9H   LINE      CODE     ---       #341
      010002C9H   LINE      CODE     ---       #342
      010002CFH   LINE      CODE     ---       #343
      010002D2H   LINE      CODE     ---       #345
      010002D7H   LINE      CODE     ---       #346
      010002DCH   LINE      CODE     ---       #347
      010002E1H   LINE      CODE     ---       #349
      010002FBH   LINE      CODE     ---       #350
      01000300H   LINE      CODE     ---       #351
      01000303H   LINE      CODE     ---       #352
      01000305H   LINE      CODE     ---       #353
      01000308H   LINE      CODE     ---       #355
      01000313H   LINE      CODE     ---       #356
      01000342H   LINE      CODE     ---       #357
      01000347H   LINE      CODE     ---       #358
      0100034AH   LINE      CODE     ---       #359
      0100034FH   LINE      CODE     ---       #360
      01000355H   LINE      CODE     ---       #361
      01000355H   LINE      CODE     ---       #362
      01000358H   LINE      CODE     ---       #363
      01000358H   LINE      CODE     ---       #364
      01000358H   LINE      CODE     ---       #365
      01000358H   LINE      CODE     ---       #366
      01000358H   LINE      CODE     ---       #367
      01000358H   LINE      CODE     ---       #368
      0100035BH   LINE      CODE     ---       #369
      0100035BH   LINE      CODE     ---       #370
      01000373H   LINE      CODE     ---       #371
      01000373H   LINE      CODE     ---       #372
      01000379H   LINE      CODE     ---       #373
      0100037CH   LINE      CODE     ---       #375
      01000381H   LINE      CODE     ---       #376
      01000386H   LINE      CODE     ---       #377
      0100038BH   LINE      CODE     ---       #379
LX51 LINKER/LOCATER V4.66.41.0                                                        06/15/2020  19:34:08  PAGE 19


      010003A1H   LINE      CODE     ---       #380
      010003A4H   LINE      CODE     ---       #381
      010003A7H   LINE      CODE     ---       #382
      010003A9H   LINE      CODE     ---       #383
      010003ACH   LINE      CODE     ---       #385
      010003B7H   LINE      CODE     ---       #386
      010003E6H   LINE      CODE     ---       #387
      010003EBH   LINE      CODE     ---       #388
      010003EEH   LINE      CODE     ---       #389
      010003F3H   LINE      CODE     ---       #390
      010003F8H   LINE      CODE     ---       #391
      010003FEH   LINE      CODE     ---       #392
      010003FEH   LINE      CODE     ---       #393
      01000401H   LINE      CODE     ---       #394
      01000401H   LINE      CODE     ---       #395
      01000407H   LINE      CODE     ---       #396
      0100040AH   LINE      CODE     ---       #398
      0100040FH   LINE      CODE     ---       #399
      01000414H   LINE      CODE     ---       #400
      01000419H   LINE      CODE     ---       #402
      01000433H   LINE      CODE     ---       #403
      01000438H   LINE      CODE     ---       #404
      0100043BH   LINE      CODE     ---       #405
      01000440H   LINE      CODE     ---       #406
      01000443H   LINE      CODE     ---       #408
      0100044EH   LINE      CODE     ---       #409
      0100047DH   LINE      CODE     ---       #410
      01000482H   LINE      CODE     ---       #411
      01000485H   LINE      CODE     ---       #412
      0100048AH   LINE      CODE     ---       #413
      0100048FH   LINE      CODE     ---       #414
      01000495H   LINE      CODE     ---       #415
      01000495H   LINE      CODE     ---       #416
      01000497H   LINE      CODE     ---       #417
      01000497H   LINE      CODE     ---       #418
      0100049CH   LINE      CODE     ---       #419
      0100049FH   LINE      CODE     ---       #420
      010004BCH   LINE      CODE     ---       #421
      010004C2H   LINE      CODE     ---       #422
      010004C4H   LINE      CODE     ---       #423
      010004C4H   LINE      CODE     ---       #424
      010004C9H   LINE      CODE     ---       #425
      010004CEH   LINE      CODE     ---       #426
      010004D0H   LINE      CODE     ---       #427
      010004D0H   LINE      CODE     ---       #428
      010004D0H   LINE      CODE     ---       #429
      010004D2H   LINE      CODE     ---       #430
      010004DCH   LINE      CODE     ---       #431
      010004DFH   LINE      CODE     ---       #432
      010004E1H   LINE      CODE     ---       #433
      010004E4H   LINE      CODE     ---       #434
      010004E6H   LINE      CODE     ---       #435
      010004E6H   LINE      CODE     ---       #436
      010004E8H   LINE      CODE     ---       #437
      010004EBH   LINE      CODE     ---       #438
      010004EBH   LINE      CODE     ---       #439
      010004EDH   LINE      CODE     ---       #441
      01000501H   LINE      CODE     ---       #442
      01000504H   LINE      CODE     ---       #443
      01000507H   LINE      CODE     ---       #444
      01000507H   LINE      CODE     ---       #445
      0100050DH   LINE      CODE     ---       #446
      0100050DH   LINE      CODE     ---       #447
      ---         BLOCKEND  ---      ---       LVL=0

LX51 LINKER/LOCATER V4.66.41.0                                                        06/15/2020  19:34:08  PAGE 20


      ---         MODULE    ---      ---       DRIVE
      0200002EH   PUBLIC    XDATA    INT       J0
      0200002CH   PUBLIC    XDATA    INT       I0
      00000020H.6 PUBLIC    BIT      BIT       piflag
      00000020H.5 PUBLIC    BIT      BIT       clcwise
      0200002AH   PUBLIC    XDATA    WORD      n
      00000020H.4 PUBLIC    BIT      BIT       sending
      02000029H   PUBLIC    XDATA    BYTE      acc0
      02000027H   PUBLIC    XDATA    WORD      spd
      02000025H   PUBLIC    XDATA    INT       F
      02000023H   PUBLIC    XDATA    INT       Yi
      02000021H   PUBLIC    XDATA    INT       Xi
      0200001FH   PUBLIC    XDATA    INT       Ye
      0200001DH   PUBLIC    XDATA    INT       Xe
      0200001BH   PUBLIC    XDATA    INT       Yc
      02000019H   PUBLIC    XDATA    INT       Jr
      02000017H   PUBLIC    XDATA    INT       Xc
      02000015H   PUBLIC    XDATA    INT       Ir
      02000013H   PUBLIC    XDATA    INT       Ji
      02000011H   PUBLIC    XDATA    INT       Ii
      0200000FH   PUBLIC    XDATA    INT       Je
      00000020H.3 PUBLIC    BIT      BIT       cirendflag
      0200000DH   PUBLIC    XDATA    INT       Iee
      00000020H.2 PUBLIC    BIT      BIT       shape
      0200000CH   PUBLIC    XDATA    BYTE      JZe
      0200000AH   PUBLIC    XDATA    INT       angle
      02000008H   PUBLIC    XDATA    INT       Y0
      02000006H   PUBLIC    XDATA    INT       X0
      02000005H   PUBLIC    XDATA    CHAR      rhy1
      02000004H   PUBLIC    XDATA    CHAR      rhy0
      01002054H   PUBLIC    CONST    ---       table
      0100110FH   PUBLIC    CODE     ---       cirend
      010012F4H   PUBLIC    CODE     ---       _getJ
      00000021H.0 PUBLIC    BIT      BIT       ?_startcir?BIT
      010009B6H   PUBLIC    CODE     ---       _startcir
      01001868H   PUBLIC    CODE     ---       _startline
      01000F25H   PUBLIC    CODE     ---       cir
      01001AD0H   PUBLIC    CODE     ---       _getRNS
      01001966H   PUBLIC    CODE     ---       line
      0100160AH   PUBLIC    CODE     ---       Timer1
      01001769H   PUBLIC    CODE     ---       Timer0
      01001E76H   PUBLIC    CODE     ---       stepperB
      01001E09H   PUBLIC    CODE     ---       stepperA
      01002032H   PUBLIC    CODE     ---       uart
      01001C8BH   PUBLIC    CODE     ---       _send
      01001F68H   PUBLIC    CODE     ---       timer_init
      00000080H   SFRSYM    DATA     BYTE      P0
      00000090H   SFRSYM    DATA     BYTE      P1
      000000A0H   SFRSYM    DATA     BYTE      P2
      000000B0H   SFRSYM    DATA     BYTE      P3
      000000B0H.4 SFRSYM    DATA     BIT       T0
      000000D0H.6 SFRSYM    DATA     BIT       AC
      000000B0H.5 SFRSYM    DATA     BIT       T1
      00000090H   SFRSYM    DATA     BIT       T2
      000000A8H.7 SFRSYM    DATA     BIT       EA
      000000A8H   SFRSYM    DATA     BYTE      IE
      000000B0H.4 SFRSYM    DATA     BIT       EN
      000000C8H.6 SFRSYM    DATA     BIT       EXF2
      000000B0H.7 SFRSYM    DATA     BIT       RD
      000000A8H.4 SFRSYM    DATA     BIT       ES
      000000A0H.4 SFRSYM    DATA     BIT       Xdir
      000000B8H   SFRSYM    DATA     BYTE      IP
      000000A0H.6 SFRSYM    DATA     BIT       Ydir
      00000098H   SFRSYM    DATA     BIT       RI
      000000B0H.2 SFRSYM    DATA     BIT       INT0
LX51 LINKER/LOCATER V4.66.41.0                                                        06/15/2020  19:34:08  PAGE 21


      000000D0H.7 SFRSYM    DATA     BIT       CY
      00000098H.1 SFRSYM    DATA     BIT       TI
      000000B0H.3 SFRSYM    DATA     BIT       INT1
      000000CBH   SFRSYM    DATA     BYTE      RCAP2H
      000000B8H.4 SFRSYM    DATA     BIT       PS
      00000081H   SFRSYM    DATA     BYTE      SP
      00000090H.1 SFRSYM    DATA     BIT       T2EX
      000000B0H.5 SFRSYM    DATA     BIT       RS
      000000D0H.2 SFRSYM    DATA     BIT       OV
      000000CAH   SFRSYM    DATA     BYTE      RCAP2L
      000000B0H.6 SFRSYM    DATA     BIT       RW
      000000C8H.1 SFRSYM    DATA     BIT       C_T2
      000000B0H.6 SFRSYM    DATA     BIT       WR
      000000A0H.5 SFRSYM    DATA     BIT       Xpul
      000000A0H.7 SFRSYM    DATA     BIT       Ypul
      000000C8H.5 SFRSYM    DATA     BIT       RCLK
      000000C8H.4 SFRSYM    DATA     BIT       TCLK
      00000099H   SFRSYM    DATA     BYTE      SBUF
      00000087H   SFRSYM    DATA     BYTE      PCON
      00000098H   SFRSYM    DATA     BYTE      SCON
      00000089H   SFRSYM    DATA     BYTE      TMOD
      00000088H   SFRSYM    DATA     BYTE      TCON
      00000088H.1 SFRSYM    DATA     BIT       IE0
      00000088H.3 SFRSYM    DATA     BIT       IE1
      000000F0H   SFRSYM    DATA     BYTE      B
      000000C8H   SFRSYM    DATA     BIT       CP_RL2
      000000E0H   SFRSYM    DATA     BYTE      ACC
      000000A8H.1 SFRSYM    DATA     BIT       ET0
      000000A8H.3 SFRSYM    DATA     BIT       ET1
      00000088H.5 SFRSYM    DATA     BIT       TF0
      000000A8H.5 SFRSYM    DATA     BIT       ET2
      00000088H.7 SFRSYM    DATA     BIT       TF1
      000000C8H.7 SFRSYM    DATA     BIT       TF2
      00000098H.2 SFRSYM    DATA     BIT       RB8
      0000008CH   SFRSYM    DATA     BYTE      TH0
      000000A8H   SFRSYM    DATA     BIT       EX0
      00000088H   SFRSYM    DATA     BIT       IT0
      0000008DH   SFRSYM    DATA     BYTE      TH1
      00000098H.3 SFRSYM    DATA     BIT       TB8
      000000A8H.2 SFRSYM    DATA     BIT       EX1
      00000088H.2 SFRSYM    DATA     BIT       IT1
      000000CDH   SFRSYM    DATA     BYTE      TH2
      000000D0H   SFRSYM    DATA     BIT       P
      00000098H.7 SFRSYM    DATA     BIT       SM0
      0000008AH   SFRSYM    DATA     BYTE      TL0
      00000098H.6 SFRSYM    DATA     BIT       SM1
      0000008BH   SFRSYM    DATA     BYTE      TL1
      00000098H.5 SFRSYM    DATA     BIT       SM2
      000000CCH   SFRSYM    DATA     BYTE      TL2
      000000B8H.1 SFRSYM    DATA     BIT       PT0
      000000B8H.3 SFRSYM    DATA     BIT       PT1
      000000D0H.3 SFRSYM    DATA     BIT       RS0
      000000B8H.5 SFRSYM    DATA     BIT       PT2
      00000088H.4 SFRSYM    DATA     BIT       TR0
      000000D0H.4 SFRSYM    DATA     BIT       RS1
      00000088H.6 SFRSYM    DATA     BIT       TR1
      000000C8H.2 SFRSYM    DATA     BIT       TR2
      000000B8H   SFRSYM    DATA     BIT       PX0
      000000B8H.2 SFRSYM    DATA     BIT       PX1
      00000083H   SFRSYM    DATA     BYTE      DPH
      00000082H   SFRSYM    DATA     BYTE      DPL
      000000C8H.3 SFRSYM    DATA     BIT       EXEN2
      00000098H.4 SFRSYM    DATA     BIT       REN
      000000C8H   SFRSYM    DATA     BYTE      T2CON
      000000B0H   SFRSYM    DATA     BIT       RXD
LX51 LINKER/LOCATER V4.66.41.0                                                        06/15/2020  19:34:08  PAGE 22


      00000090H   SFRSYM    DATA     BIT       A0
      000000B0H.1 SFRSYM    DATA     BIT       TXD
      00000090H.4 SFRSYM    DATA     BIT       B0
      00000090H.1 SFRSYM    DATA     BIT       A1
      00000090H.5 SFRSYM    DATA     BIT       B1
      00000090H.2 SFRSYM    DATA     BIT       A2
      00000090H.6 SFRSYM    DATA     BIT       B2
      00000090H.3 SFRSYM    DATA     BIT       A3
      00000090H.7 SFRSYM    DATA     BIT       B3
      000000D0H.5 SFRSYM    DATA     BIT       F0
      000000D0H   SFRSYM    DATA     BYTE      PSW

      01001F68H   BLOCK     CODE     ---       LVL=0
      01001F68H   LINE      CODE     ---       #29
      01001F68H   LINE      CODE     ---       #30
      01001F68H   LINE      CODE     ---       #31
      01001F6BH   LINE      CODE     ---       #32
      01001F6EH   LINE      CODE     ---       #34
      01001F71H   LINE      CODE     ---       #35
      01001F74H   LINE      CODE     ---       #36
      01001F77H   LINE      CODE     ---       #37
      01001F7AH   LINE      CODE     ---       #38
      01001F80H   LINE      CODE     ---       #39
      01001F86H   LINE      CODE     ---       #41
      01001F89H   LINE      CODE     ---       #42
      01001F8BH   LINE      CODE     ---       #43
      01001F8DH   LINE      CODE     ---       #44
      01001F8FH   LINE      CODE     ---       #46
      01001F91H   LINE      CODE     ---       #47
      01001F93H   LINE      CODE     ---       #48
      01001F95H   LINE      CODE     ---       #50
      01001F97H   LINE      CODE     ---       #52
      ---         BLOCKEND  ---      ---       LVL=0

      01001C8BH   BLOCK     CODE     ---       LVL=0
      00000006H   SYMBOL    DATA     INT       d
      00000005H   SYMBOL    DATA     BYTE      xy
      01001C8BH   BLOCK     CODE     NEAR LAB  LVL=1
      00000001H   SYMBOL    DATA     BYTE      temp
      00000004H   SYMBOL    DATA     BYTE      temp1
      ---         BLOCKEND  ---      ---       LVL=1
      01001C8BH   LINE      CODE     ---       #55
      01001C8BH   LINE      CODE     ---       #56
      01001C8BH   LINE      CODE     ---       #60
      01001C93H   LINE      CODE     ---       #61
      01001C97H   LINE      CODE     ---       #62
      01001C9BH   LINE      CODE     ---       #63
      01001CA9H   LINE      CODE     ---       #64
      01001CABH   LINE      CODE     ---       #65
      01001CABH   LINE      CODE     ---       #66
      01001CB1H   LINE      CODE     ---       #67
      01001CC1H   LINE      CODE     ---       #68
      01001CC1H   LINE      CODE     ---       #69
      01001CC3H   LINE      CODE     ---       #70
      01001CC3H   LINE      CODE     ---       #71
      01001CC7H   LINE      CODE     ---       #72
      01001CCDH   LINE      CODE     ---       #73
      01001CE4H   LINE      CODE     ---       #74
      01001CE6H   LINE      CODE     ---       #75
      01001CE6H   LINE      CODE     ---       #76
      01001CEEH   LINE      CODE     ---       #77
      01001D05H   LINE      CODE     ---       #78
      01001D05H   LINE      CODE     ---       #79
      01001D05H   LINE      CODE     ---       #80
      01001D07H   LINE      CODE     ---       #81
LX51 LINKER/LOCATER V4.66.41.0                                                        06/15/2020  19:34:08  PAGE 23


      01001D09H   LINE      CODE     ---       #82
      01001D0CH   LINE      CODE     ---       #84
      01001D0EH   LINE      CODE     ---       #85
      01001D10H   LINE      CODE     ---       #86
      01001D13H   LINE      CODE     ---       #87
      ---         BLOCKEND  ---      ---       LVL=0

      01002032H   BLOCK     CODE     ---       LVL=0
      01002032H   LINE      CODE     ---       #89
      01002032H   LINE      CODE     ---       #91
      01002035H   LINE      CODE     ---       #92
      01002038H   LINE      CODE     ---       #94
      01002038H   LINE      CODE     ---       #95
      0100203AH   LINE      CODE     ---       #96
      0100203CH   LINE      CODE     ---       #97
      0100203CH   LINE      CODE     ---       #98
      ---         BLOCKEND  ---      ---       LVL=0

      01001E09H   BLOCK     CODE     ---       LVL=0
      01001E09H   LINE      CODE     ---       #100
      01001E09H   LINE      CODE     ---       #102
      01001E23H   LINE      CODE     ---       #103
      01001E29H   LINE      CODE     ---       #104
      01001E3DH   LINE      CODE     ---       #105
      01001E46H   LINE      CODE     ---       #106
      01001E49H   LINE      CODE     ---       #107
      01001E5DH   LINE      CODE     ---       #109
      01001E75H   LINE      CODE     ---       #110
      ---         BLOCKEND  ---      ---       LVL=0

      01001E76H   BLOCK     CODE     ---       LVL=0
      01001E76H   LINE      CODE     ---       #112
      01001E76H   LINE      CODE     ---       #114
      01001E90H   LINE      CODE     ---       #115
      01001E96H   LINE      CODE     ---       #116
      01001EAAH   LINE      CODE     ---       #117
      01001EB3H   LINE      CODE     ---       #118
      01001EB6H   LINE      CODE     ---       #119
      01001ECAH   LINE      CODE     ---       #121
      01001EE2H   LINE      CODE     ---       #122
      ---         BLOCKEND  ---      ---       LVL=0

      01001769H   BLOCK     CODE     ---       LVL=0
      01001786H   BLOCK     CODE     NEAR LAB  LVL=1
      00000020H.0 SYMBOL    BIT      BIT       jo
      02000000H   SYMBOL    XDATA    WORD      temp
      ---         BLOCKEND  ---      ---       LVL=1
      01001769H   LINE      CODE     ---       #124
      01001786H   LINE      CODE     ---       #128
      010017ABH   LINE      CODE     ---       #129
      010017BDH   LINE      CODE     ---       #130
      010017E2H   LINE      CODE     ---       #131
      010017F4H   LINE      CODE     ---       #132
      01001813H   LINE      CODE     ---       #133
      0100181CH   LINE      CODE     ---       #134
      0100181FH   LINE      CODE     ---       #135
      0100182EH   LINE      CODE     ---       #136
      01001831H   LINE      CODE     ---       #137
      0100183FH   LINE      CODE     ---       #138
      0100183FH   LINE      CODE     ---       #139
      01001841H   LINE      CODE     ---       #140
      01001841H   LINE      CODE     ---       #141
      01001846H   LINE      CODE     ---       #142
      0100184BH   LINE      CODE     ---       #143
      0100184BH   LINE      CODE     ---       #144
LX51 LINKER/LOCATER V4.66.41.0                                                        06/15/2020  19:34:08  PAGE 24


      0100184DH   LINE      CODE     ---       #145
      ---         BLOCKEND  ---      ---       LVL=0

      0100160AH   BLOCK     CODE     ---       LVL=0
      01001627H   BLOCK     CODE     NEAR LAB  LVL=1
      00000020H.1 SYMBOL    BIT      BIT       jo
      02000002H   SYMBOL    XDATA    WORD      temp
      ---         BLOCKEND  ---      ---       LVL=1
      0100160AH   LINE      CODE     ---       #147
      01001627H   LINE      CODE     ---       #150
      01001682H   LINE      CODE     ---       #151
      01001695H   LINE      CODE     ---       #152
      010016F2H   LINE      CODE     ---       #153
      01001709H   LINE      CODE     ---       #154
      01001728H   LINE      CODE     ---       #155
      01001731H   LINE      CODE     ---       #156
      01001734H   LINE      CODE     ---       #157
      01001739H   LINE      CODE     ---       #158
      0100173EH   LINE      CODE     ---       #159
      01001740H   LINE      CODE     ---       #160
      01001742H   LINE      CODE     ---       #161
      01001742H   LINE      CODE     ---       #162
      01001747H   LINE      CODE     ---       #163
      0100174CH   LINE      CODE     ---       #164
      0100174CH   LINE      CODE     ---       #165
      0100174EH   LINE      CODE     ---       #166
      ---         BLOCKEND  ---      ---       LVL=0

      01001966H   BLOCK     CODE     ---       LVL=0
      01001966H   LINE      CODE     ---       #168
      01001966H   LINE      CODE     ---       #169
      01001971H   LINE      CODE     ---       #170
      01001974H   LINE      CODE     ---       #171
      01001982H   LINE      CODE     ---       #172
      01001982H   LINE      CODE     ---       #173
      01001982H   LINE      CODE     ---       #174
      01001984H   LINE      CODE     ---       #175
      01001984H   LINE      CODE     ---       #176
      01001992H   LINE      CODE     ---       #177
      01001994H   LINE      CODE     ---       #178
      01001997H   LINE      CODE     ---       #179
      01001997H   LINE      CODE     ---       #180
      010019AEH   LINE      CODE     ---       #181
      010019D0H   LINE      CODE     ---       #182
      010019D1H   LINE      CODE     ---       #183
      010019D1H   LINE      CODE     ---       #184
      010019D4H   LINE      CODE     ---       #185
      010019E2H   LINE      CODE     ---       #186
      010019E2H   LINE      CODE     ---       #187
      010019E2H   LINE      CODE     ---       #188
      010019E4H   LINE      CODE     ---       #189
      010019E4H   LINE      CODE     ---       #190
      010019F2H   LINE      CODE     ---       #191
      010019F4H   LINE      CODE     ---       #192
      010019F7H   LINE      CODE     ---       #193
      010019F7H   LINE      CODE     ---       #194
      01001A0EH   LINE      CODE     ---       #195
      01001A2FH   LINE      CODE     ---       #196
      01001A2FH   LINE      CODE     ---       #198
      ---         BLOCKEND  ---      ---       LVL=0

      01001AD0H   BLOCK     CODE     ---       LVL=0
      00000006H   SYMBOL    DATA     INT       X
      00000004H   SYMBOL    DATA     INT       Y
      01001AD0H   LINE      CODE     ---       #200
LX51 LINKER/LOCATER V4.66.41.0                                                        06/15/2020  19:34:08  PAGE 25


      01001AD0H   LINE      CODE     ---       #201
      01001AD3H   LINE      CODE     ---       #202
      01001AEAH   LINE      CODE     ---       #203
      01001B04H   LINE      CODE     ---       #204
      01001B1BH   LINE      CODE     ---       #205
      01001B20H   LINE      CODE     ---       #206
      01001B20H   LINE      CODE     ---       #207
      01001B20H   LINE      CODE     ---       #208
      01001B38H   LINE      CODE     ---       #209
      01001B4DH   LINE      CODE     ---       #210
      01001B65H   LINE      CODE     ---       #211
      01001B69H   LINE      CODE     ---       #212
      01001B69H   LINE      CODE     ---       #213
      ---         BLOCKEND  ---      ---       LVL=0

      01000F25H   BLOCK     CODE     ---       LVL=0
      01000F25H   BLOCK     CODE     NEAR LAB  LVL=1
      0200003DH   SYMBOL    XDATA    WORD      temp
      ---         BLOCKEND  ---      ---       LVL=1
      01000F25H   LINE      CODE     ---       #214
      01000F25H   LINE      CODE     ---       #216
      01000F3EH   LINE      CODE     ---       #217
      01000F51H   LINE      CODE     ---       #218
      01000F64H   LINE      CODE     ---       #219
      01000F86H   LINE      CODE     ---       #220
      01000F86H   LINE      CODE     ---       #221
      01000F86H   LINE      CODE     ---       #222
      01000F86H   LINE      CODE     ---       #223
      01000F89H   LINE      CODE     ---       #224
      01000F9CH   LINE      CODE     ---       #225
      01000F9CH   LINE      CODE     ---       #226
      01000F9CH   LINE      CODE     ---       #227
      01000F9CH   LINE      CODE     ---       #228
      01000F9CH   LINE      CODE     ---       #229
      01000F9EH   LINE      CODE     ---       #230
      01000FB4H   LINE      CODE     ---       #231
      01000FB4H   LINE      CODE     ---       #232
      01000FB4H   LINE      CODE     ---       #233
      01000FB4H   LINE      CODE     ---       #234
      01000FB4H   LINE      CODE     ---       #235
      01000FB7H   LINE      CODE     ---       #236
      01000FD0H   LINE      CODE     ---       #237
      01000FD0H   LINE      CODE     ---       #238
      01000FD0H   LINE      CODE     ---       #239
      01000FD0H   LINE      CODE     ---       #240
      01000FD0H   LINE      CODE     ---       #241
      01000FD0H   LINE      CODE     ---       #242
      01000FD3H   LINE      CODE     ---       #243
      01000FD3H   LINE      CODE     ---       #244
      01000FE6H   LINE      CODE     ---       #245
      0100100EH   LINE      CODE     ---       #246
      01001010H   LINE      CODE     ---       #247
      01001010H   LINE      CODE     ---       #248
      01001010H   LINE      CODE     ---       #249
      01001013H   LINE      CODE     ---       #250
      01001026H   LINE      CODE     ---       #251
      0100104FH   LINE      CODE     ---       #252
      01001051H   LINE      CODE     ---       #253
      01001051H   LINE      CODE     ---       #254
      01001051H   LINE      CODE     ---       #255
      01001053H   LINE      CODE     ---       #256
      01001066H   LINE      CODE     ---       #257
      0100108EH   LINE      CODE     ---       #258
      01001090H   LINE      CODE     ---       #259
      01001092H   LINE      CODE     ---       #260
LX51 LINKER/LOCATER V4.66.41.0                                                        06/15/2020  19:34:08  PAGE 26


      01001095H   LINE      CODE     ---       #261
      01001097H   LINE      CODE     ---       #262
      010010AAH   LINE      CODE     ---       #263
      010010D3H   LINE      CODE     ---       #264
      010010D5H   LINE      CODE     ---       #265
      010010D7H   LINE      CODE     ---       #266
      010010DAH   LINE      CODE     ---       #267
      010010DAH   LINE      CODE     ---       #268
      010010DAH   LINE      CODE     ---       #269
      010010F4H   LINE      CODE     ---       #270
      0100110EH   LINE      CODE     ---       #272
      ---         BLOCKEND  ---      ---       LVL=0

      01001868H   BLOCK     CODE     ---       LVL=0
      02000039H   SYMBOL    XDATA    INT       xe
      0200003BH   SYMBOL    XDATA    INT       ye
      01001868H   LINE      CODE     ---       #274
      01001878H   LINE      CODE     ---       #277
      01001887H   LINE      CODE     ---       #278
      0100188FH   LINE      CODE     ---       #279
      0100189EH   LINE      CODE     ---       #280
      010018ADH   LINE      CODE     ---       #281
      010018B4H   LINE      CODE     ---       #282
      010018D9H   LINE      CODE     ---       #283
      010018F5H   LINE      CODE     ---       #284
      010018FBH   LINE      CODE     ---       #285
      010018FDH   LINE      CODE     ---       #286
      010018FDH   LINE      CODE     ---       #287
      0100191AH   LINE      CODE     ---       #288
      0100191AH   LINE      CODE     ---       #289
      01001936H   LINE      CODE     ---       #290
      0100193CH   LINE      CODE     ---       #291
      0100193EH   LINE      CODE     ---       #292
      0100193EH   LINE      CODE     ---       #293
      01001961H   LINE      CODE     ---       #294
      01001961H   LINE      CODE     ---       #295
      01001963H   LINE      CODE     ---       #296
      01001965H   LINE      CODE     ---       #297
      ---         BLOCKEND  ---      ---       LVL=0

      010009B6H   BLOCK     CODE     ---       LVL=0
      02000041H   SYMBOL    XDATA    INT       xc
      02000043H   SYMBOL    XDATA    INT       yc
      02000045H   SYMBOL    XDATA    INT       ang
      00000021H.0 SYMBOL    BIT      BIT       cl
      010009B6H   LINE      CODE     ---       #298
      010009CAH   LINE      CODE     ---       #300
      010009CCH   LINE      CODE     ---       #301
      010009CEH   LINE      CODE     ---       #302
      010009DDH   LINE      CODE     ---       #303
      010009EDH   LINE      CODE     ---       #304
      01000A11H   LINE      CODE     ---       #305
      01000A2DH   LINE      CODE     ---       #306
      01000A31H   LINE      CODE     ---       #307
      01000A38H   LINE      CODE     ---       #308
      01000A47H   LINE      CODE     ---       #309
      01000A6EH   LINE      CODE     ---       #311
      01000A7DH   LINE      CODE     ---       #312
      01000B3BH   LINE      CODE     ---       #315
      01000BF9H   LINE      CODE     ---       #317
      01000CC0H   LINE      CODE     ---       #319
      01000CDBH   LINE      CODE     ---       #320
      01000CF8H   LINE      CODE     ---       #321
      01000D0DH   LINE      CODE     ---       #322
      01000D1AH   LINE      CODE     ---       #324
LX51 LINKER/LOCATER V4.66.41.0                                                        06/15/2020  19:34:08  PAGE 27


      01000D22H   LINE      CODE     ---       #326
      01000D24H   LINE      CODE     ---       #327
      01000D26H   LINE      CODE     ---       #328
      ---         BLOCKEND  ---      ---       LVL=0

      010012F4H   BLOCK     CODE     ---       LVL=0
      0200003DH   SYMBOL    XDATA    INT       irhs
      0200003FH   SYMBOL    XDATA    INT       jrhs
      010012F4H   LINE      CODE     ---       #330
      01001302H   LINE      CODE     ---       #332
      01001308H   LINE      CODE     ---       #333
      0100134CH   LINE      CODE     ---       #334
      01001360H   LINE      CODE     ---       #335
      0100136EH   LINE      CODE     ---       #336
      0100136EH   LINE      CODE     ---       #337
      010013AAH   LINE      CODE     ---       #338
      010013BDH   LINE      CODE     ---       #339
      010013CEH   LINE      CODE     ---       #340
      010013CEH   LINE      CODE     ---       #341
      010013CEH   LINE      CODE     ---       #342
      010013CEH   LINE      CODE     ---       #343
      0100140BH   LINE      CODE     ---       #344
      0100141FH   LINE      CODE     ---       #345
      0100142AH   LINE      CODE     ---       #346
      0100142AH   LINE      CODE     ---       #347
      01001469H   LINE      CODE     ---       #348
      0100147CH   LINE      CODE     ---       #349
      01001489H   LINE      CODE     ---       #350
      01001489H   LINE      CODE     ---       #351
      01001489H   LINE      CODE     ---       #352
      ---         BLOCKEND  ---      ---       LVL=0

      0100110FH   BLOCK     CODE     ---       LVL=0
      0100110FH   LINE      CODE     ---       #354
      0100110FH   LINE      CODE     ---       #355
      01001117H   LINE      CODE     ---       #356
      0100112EH   LINE      CODE     ---       #357
      0100119EH   LINE      CODE     ---       #358
      010011A0H   LINE      CODE     ---       #359
      010011A0H   LINE      CODE     ---       #360
      010011A5H   LINE      CODE     ---       #362
      010011C1H   LINE      CODE     ---       #363
      010011C7H   LINE      CODE     ---       #364
      010011D9H   LINE      CODE     ---       #365
      010011D9H   LINE      CODE     ---       #366
      010011F5H   LINE      CODE     ---       #367
      010011F7H   LINE      CODE     ---       #368
      010011F7H   LINE      CODE     ---       #369
      01001213H   LINE      CODE     ---       #370
      01001215H   LINE      CODE     ---       #371
      01001215H   LINE      CODE     ---       #372
      01001236H   LINE      CODE     ---       #373
      01001238H   LINE      CODE     ---       #374
      01001238H   LINE      CODE     ---       #375
      01001259H   LINE      CODE     ---       #376
      0100125BH   LINE      CODE     ---       #377
      0100125BH   LINE      CODE     ---       #378
      0100125BH   LINE      CODE     ---       #379
      0100125BH   LINE      CODE     ---       #380
      01001270H   LINE      CODE     ---       #381
      01001270H   LINE      CODE     ---       #382
      01001291H   LINE      CODE     ---       #383
      01001293H   LINE      CODE     ---       #384
      01001293H   LINE      CODE     ---       #385
      010012B4H   LINE      CODE     ---       #386
LX51 LINKER/LOCATER V4.66.41.0                                                        06/15/2020  19:34:08  PAGE 28


      010012B6H   LINE      CODE     ---       #387
      010012B6H   LINE      CODE     ---       #388
      010012D2H   LINE      CODE     ---       #389
      010012D4H   LINE      CODE     ---       #390
      010012D4H   LINE      CODE     ---       #391
      010012F0H   LINE      CODE     ---       #392
      010012F2H   LINE      CODE     ---       #393
      010012F2H   LINE      CODE     ---       #394
      010012F2H   LINE      CODE     ---       #395
      010012F2H   LINE      CODE     ---       #396
      010012F3H   LINE      CODE     ---       #397
      ---         BLOCKEND  ---      ---       LVL=0

      ---         MODULE    ---      ---       ?C?FPADD
      01000515H   PUBLIC    CODE     ---       ?C?FPADD
      01000511H   PUBLIC    CODE     ---       ?C?FPSUB

      ---         MODULE    ---      ---       ?C?FPMUL
      01000606H   PUBLIC    CODE     ---       ?C?FPMUL

      ---         MODULE    ---      ---       ?C?FCAST
      01000716H   PUBLIC    CODE     ---       ?C?FCASTC
      01000711H   PUBLIC    CODE     ---       ?C?FCASTI
      0100070CH   PUBLIC    CODE     ---       ?C?FCASTL

      ---         MODULE    ---      ---       ?C?CASTF
      0100074AH   PUBLIC    CODE     ---       ?C?CASTF

      ---         MODULE    ---      ---       ?C?FPGETOPN
      01000781H   PUBLIC    CODE     ---       ?C?FPGETOPN2
      010007B6H   PUBLIC    CODE     ---       ?C?FPNANRESULT
      010007C0H   PUBLIC    CODE     ---       ?C?FPOVERFLOW
      01000798H   PUBLIC    CODE     ---       ?C?FPRESULT
      010007ACH   PUBLIC    CODE     ---       ?C?FPRESULT2
      010007BDH   PUBLIC    CODE     ---       ?C?FPUNDERFLOW

      ---         MODULE    ---      ---       ?C_INIT
      01001C46H   PUBLIC    CODE     ---       ?C_START

      ---         MODULE    ---      ---       ?C?IMUL
      010007CBH   PUBLIC    CODE     ---       ?C?IMUL

      ---         MODULE    ---      ---       ?C?SIDIV
      010007DDH   PUBLIC    CODE     ---       ?C?SIDIV

      ---         MODULE    ---      ---       ?C?ILDIX
      01000813H   PUBLIC    CODE     ---       ?C?ILDIX

      ---         MODULE    ---      ---       ?C?SLDIV
      01001EE3H   PUBLIC    CODE     ---       ?C?SLDIV

      ---         MODULE    ---      ---       ?C?LNEG
      01000829H   PUBLIC    CODE     ---       ?C?LNEG

      ---         MODULE    ---      ---       ?C?SLCMP
      01000837H   PUBLIC    CODE     ---       ?C?SLCMP

      ---         MODULE    ---      ---       ?C?SLSHR
      0100084DH   PUBLIC    CODE     ---       ?C?SLSHR

      ---         MODULE    ---      ---       ?C?LSTXDATA
      01000861H   PUBLIC    CODE     ---       ?C?LSTXDATA

      ---         MODULE    ---      ---       ?C?CCASE
      0100086DH   PUBLIC    CODE     ---       ?C?CCASE
LX51 LINKER/LOCATER V4.66.41.0                                                        06/15/2020  19:34:08  PAGE 29



      ---         MODULE    ---      ---       ABS
      0100000EH   PUBLIC    CODE     ---       _ABS

      ---         MODULE    ---      ---       ?C?UIDIV
      01000893H   PUBLIC    CODE     ---       ?C?UIDIV

      ---         MODULE    ---      ---       ?C?ULDIV
      01000924H   PUBLIC    CODE     ---       ?C?ULDIV



*** WARNING L13: RECURSIVE CALL TO FUNCTION
    CALLED:  WAIT/MAIN
    CALLER:  STAR/MAIN

*** WARNING L57: UNCALLED FUNCTION, IGNORED FOR OVERLAY PROCESS
    NAME:    _JISHUX/MAIN

*** WARNING L57: UNCALLED FUNCTION, IGNORED FOR OVERLAY PROCESS
    NAME:    _STARTCIR/DRIVE

Program Size: data=10.1 xdata=86 const=19 code=8257
LX51 RUN COMPLETE.  3 WARNING(S),  0 ERROR(S)
